Archive member included to satisfy reference by file (symbol)

D:\Users\erics\Documents\TOF-CAN\firmware\ToF-CAN-Firmware\libs\Adafruit_VL53L0X\libVL530L0X.a(vl53l0x_api.o)
                              main.o (VL53L0X_GetRangeStatusString)
D:\Users\erics\Documents\TOF-CAN\firmware\ToF-CAN-Firmware\libs\Adafruit_VL53L0X\libVL530L0X.a(vl53l0x_api_calibration.o)
                              D:\Users\erics\Documents\TOF-CAN\firmware\ToF-CAN-Firmware\libs\Adafruit_VL53L0X\libVL530L0X.a(vl53l0x_api.o) (VL53L0X_perform_xtalk_calibration)
D:\Users\erics\Documents\TOF-CAN\firmware\ToF-CAN-Firmware\libs\Adafruit_VL53L0X\libVL530L0X.a(vl53l0x_api_core.o)
                              D:\Users\erics\Documents\TOF-CAN\firmware\ToF-CAN-Firmware\libs\Adafruit_VL53L0X\libVL530L0X.a(vl53l0x_api.o) (VL53L0X_measurement_poll_for_completion)
D:\Users\erics\Documents\TOF-CAN\firmware\ToF-CAN-Firmware\libs\Adafruit_VL53L0X\libVL530L0X.a(vl53l0x_api_strings.o)
                              D:\Users\erics\Documents\TOF-CAN\firmware\ToF-CAN-Firmware\libs\Adafruit_VL53L0X\libVL530L0X.a(vl53l0x_api.o) (VL53L0X_get_device_info)
D:\Users\erics\Documents\TOF-CAN\firmware\ToF-CAN-Firmware\libs\Adafruit_VL53L0X\libVL530L0X.a(vl53l0x_platform.o)
                              D:\Users\erics\Documents\TOF-CAN\firmware\ToF-CAN-Firmware\libs\Adafruit_VL53L0X\libVL530L0X.a(vl53l0x_api_calibration.o) (VL53L0X_WriteMulti)
D:\Users\erics\Documents\TOF-CAN\firmware\ToF-CAN-Firmware\libs\Adafruit_VL53L0X\libVL530L0X.a(vl53l0x_i2c_comms.o)
                              D:\Users\erics\Documents\TOF-CAN\firmware\ToF-CAN-Firmware\libs\Adafruit_VL53L0X\libVL530L0X.a(vl53l0x_platform.o) (_Z19VL53L0X_write_multihhPhm)
c:/program files (x86)/atmel/studio/7.0/toolchain/avr8/avr8-gnu-toolchain/bin/../lib/gcc/avr/5.4.0/avr5\libgcc.a(_udivmodhi4.o)
                              D:\Users\erics\Documents\TOF-CAN\firmware\ToF-CAN-Firmware\libs\Adafruit_VL53L0X\libVL530L0X.a(vl53l0x_api.o) (__udivmodhi4)
c:/program files (x86)/atmel/studio/7.0/toolchain/avr8/avr8-gnu-toolchain/bin/../lib/gcc/avr/5.4.0/avr5\libgcc.a(_udivmodsi4.o)
                              D:\Users\erics\Documents\TOF-CAN\firmware\ToF-CAN-Firmware\libs\Adafruit_VL53L0X\libVL530L0X.a(vl53l0x_api.o) (__udivmodsi4)
c:/program files (x86)/atmel/studio/7.0/toolchain/avr8/avr8-gnu-toolchain/bin/../lib/gcc/avr/5.4.0/avr5\libgcc.a(_divmodsi4.o)
                              main.o (__divmodsi4)
c:/program files (x86)/atmel/studio/7.0/toolchain/avr8/avr8-gnu-toolchain/bin/../lib/gcc/avr/5.4.0/avr5\libgcc.a(_negsi2.o)
                              c:/program files (x86)/atmel/studio/7.0/toolchain/avr8/avr8-gnu-toolchain/bin/../lib/gcc/avr/5.4.0/avr5\libgcc.a(_divmodsi4.o) (__negsi2)
c:/program files (x86)/atmel/studio/7.0/toolchain/avr8/avr8-gnu-toolchain/bin/../lib/gcc/avr/5.4.0/avr5\libgcc.a(_exit.o)
                              C:/Program Files (x86)/Atmel/Studio/7.0/Packs/atmel/ATmega_DFP/1.2.150/gcc/dev/atmega328pb/avr5/crtatmega328pb.o (exit)
c:/program files (x86)/atmel/studio/7.0/toolchain/avr8/avr8-gnu-toolchain/bin/../lib/gcc/avr/5.4.0/avr5\libgcc.a(_tablejump2.o)
                              D:\Users\erics\Documents\TOF-CAN\firmware\ToF-CAN-Firmware\libs\Adafruit_VL53L0X\libVL530L0X.a(vl53l0x_api_strings.o) (__tablejump2__)
c:/program files (x86)/atmel/studio/7.0/toolchain/avr8/avr8-gnu-toolchain/bin/../lib/gcc/avr/5.4.0/avr5\libgcc.a(_copy_data.o)
                              main.o (__do_copy_data)
c:/program files (x86)/atmel/studio/7.0/toolchain/avr8/avr8-gnu-toolchain/bin/../lib/gcc/avr/5.4.0/avr5\libgcc.a(_clear_bss.o)
                              main.o (__do_clear_bss)
c:/program files (x86)/atmel/studio/7.0/toolchain/avr8/avr8-gnu-toolchain/bin/../lib/gcc/avr/5.4.0/avr5\libgcc.a(_ctors.o)
                              main.o (__do_global_ctors)
c:/program files (x86)/atmel/studio/7.0/toolchain/avr8/avr8-gnu-toolchain/bin/../lib/gcc/avr/5.4.0/avr5\libgcc.a(_umulhisi3.o)
                              D:\Users\erics\Documents\TOF-CAN\firmware\ToF-CAN-Firmware\libs\Adafruit_VL53L0X\libVL530L0X.a(vl53l0x_api.o) (__umulhisi3)
c:/program files (x86)/atmel/studio/7.0/toolchain/avr8/avr8-gnu-toolchain/bin/../lib/gcc/avr/5.4.0/avr5\libgcc.a(_muluhisi3.o)
                              D:\Users\erics\Documents\TOF-CAN\firmware\ToF-CAN-Firmware\libs\Adafruit_VL53L0X\libVL530L0X.a(vl53l0x_api.o) (__muluhisi3)
c:/program files (x86)/atmel/studio/7.0/toolchain/avr8/avr8-gnu-toolchain/bin/../lib/gcc/avr/5.4.0/../../../../avr/lib/avr5\libc.a(strcpy.o)
                              D:\Users\erics\Documents\TOF-CAN\firmware\ToF-CAN-Firmware\libs\Adafruit_VL53L0X\libVL530L0X.a(vl53l0x_api_core.o) (strcpy)
c:/program files (x86)/atmel/studio/7.0/toolchain/avr8/avr8-gnu-toolchain/bin/../lib/gcc/avr/5.4.0/../../../../avr/lib/avr5\libc.a(iob.o)
                              main.o (__iob)
[...]
Memory Configuration

Name             Origin             Length             Attributes
text             0x00000000         0x00020000         xr
data             0x00800060         0x0000ffa0         rw !x
eeprom           0x00810000         0x00010000         rw !x
fuse             0x00820000         0x00000003         rw !x
lock             0x00830000         0x00000400         rw !x
signature        0x00840000         0x00000400         rw !x
user_signatures  0x00850000         0x00000400         rw !x
*default*        0x00000000         0xffffffff

Linker script and memory map

Address of section .data set to 0x800100
LOAD C:/Program Files (x86)/Atmel/Studio/7.0/Packs/atmel/ATmega_DFP/1.2.150/gcc/dev/atmega328pb/avr5/crtatmega328pb.o
LOAD main.o
START GROUP
LOAD c:/program files (x86)/atmel/studio/7.0/toolchain/avr8/avr8-gnu-toolchain/bin/../lib/gcc/avr/5.4.0/../../../../avr/lib/avr5\libm.a
LOAD D:\Users\erics\Documents\TOF-CAN\firmware\ToF-CAN-Firmware\libs\Adafruit_VL53L0X\libVL530L0X.a
LOAD D:\Users\erics\Documents\TOF-CAN\firmware\ToF-CAN-Firmware\libs\mcp2515\libMCP2515.a
END GROUP
LOAD c:/program files (x86)/atmel/studio/7.0/toolchain/avr8/avr8-gnu-toolchain/bin/../lib/gcc/avr/5.4.0/avr5\libgcc.a
LOAD c:/program files (x86)/atmel/studio/7.0/toolchain/avr8/avr8-gnu-toolchain/bin/../lib/gcc/avr/5.4.0/../../../../avr/lib/avr5\libm.a
START GROUP
LOAD c:/program files (x86)/atmel/studio/7.0/toolchain/avr8/avr8-gnu-toolchain/bin/../lib/gcc/avr/5.4.0/avr5\libgcc.a
LOAD c:/program files (x86)/atmel/studio/7.0/toolchain/avr8/avr8-gnu-toolchain/bin/../lib/gcc/avr/5.4.0/../../../../avr/lib/avr5\libm.a
LOAD c:/program files (x86)/atmel/studio/7.0/toolchain/avr8/avr8-gnu-toolchain/bin/../lib/gcc/avr/5.4.0/../../../../avr/lib/avr5\libc.a
LOAD C:/Program Files (x86)/Atmel/Studio/7.0/Packs/atmel/ATmega_DFP/1.2.150/gcc/dev/atmega328pb/avr5\libatmega328pb.a
END GROUP
                0x00020000                __TEXT_REGION_LENGTH__ = DEFINED (__TEXT_REGION_LENGTH__)?__TEXT_REGION_LENGTH__:0x20000
                0x0000ffa0                __DATA_REGION_LENGTH__ = DEFINED (__DATA_REGION_LENGTH__)?__DATA_REGION_LENGTH__:0xffa0
                0x00010000                __EEPROM_REGION_LENGTH__ = DEFINED (__EEPROM_REGION_LENGTH__)?__EEPROM_REGION_LENGTH__:0x10000
                [0x00000003]                __FUSE_REGION_LENGTH__ = DEFINED (__FUSE_REGION_LENGTH__)?__FUSE_REGION_LENGTH__:0x400
                0x00000400                __LOCK_REGION_LENGTH__ = DEFINED (__LOCK_REGION_LENGTH__)?__LOCK_REGION_LENGTH__:0x400
                0x00000400                __SIGNATURE_REGION_LENGTH__ = DEFINED (__SIGNATURE_REGION_LENGTH__)?__SIGNATURE_REGION_LENGTH__:0x400
                0x00000400                __USER_SIGNATURE_REGION_LENGTH__ = DEFINED (__USER_SIGNATURE_REGION_LENGTH__)?__USER_SIGNATURE_REGION_LENGTH__:0x400

.hash
 *(.hash)

.dynsym
 *(.dynsym)

.dynstr
 *(.dynstr)

.gnu.version
 *(.gnu.version)

.gnu.version_d
 *(.gnu.version_d)

.gnu.version_r
 *(.gnu.version_r)

.rel.init
 *(.rel.init)

.rela.init
 *(.rela.init)

.rel.text
 *(.rel.text)
 *(.rel.text.*)
 *(.rel.gnu.linkonce.t*)

.rela.text
 *(.rela.text)
 *(.rela.text.*)
 *(.rela.gnu.linkonce.t*)

.rel.fini
 *(.rel.fini)

.rela.fini
 *(.rela.fini)

.rel.rodata
 *(.rel.rodata)
 *(.rel.rodata.*)
 *(.rel.gnu.linkonce.r*)

.rela.rodata
 *(.rela.rodata)
 *(.rela.rodata.*)
 *(.rela.gnu.linkonce.r*)

.rel.data
 *(.rel.data)
 *(.rel.data.*)
 *(.rel.gnu.linkonce.d*)

.rela.data
 *(.rela.data)
 *(.rela.data.*)
 *(.rela.gnu.linkonce.d*)

.rel.ctors
 *(.rel.ctors)

.rela.ctors
 *(.rela.ctors)

.rel.dtors
 *(.rel.dtors)

.rela.dtors
 *(.rela.dtors)

.rel.got
 *(.rel.got)

.rela.got
 *(.rela.got)

.rel.bss
 *(.rel.bss)

.rela.bss
 *(.rela.bss)

.rel.plt
 *(.rel.plt)

.rela.plt
 *(.rela.plt)

.text           0x00000000     0x5016
 *(.vectors)
 .vectors       0x00000000       0xb4 C:/Program Files (x86)/Atmel/Studio/7.0/Packs/atmel/ATmega_DFP/1.2.150/gcc/dev/atmega328pb/avr5/crtatmega328pb.o
                0x00000000                __vector_default
                0x00000000                __vectors
 *(.vectors)
 *(.progmem.gcc*)
                0x000000b4                . = ALIGN (0x2)
                0x000000b4                __trampolines_start = .
 *(.trampolines)
 .trampolines   0x000000b4        0x0 linker stubs
 *(.trampolines*)
                0x000000b4                __trampolines_end = .
 *libprintf_flt.a:*(.progmem.data)
 *libc.a:*(.progmem.data)
 *(.progmem*)
                0x000000b4                . = ALIGN (0x2)
 *(.jumptables)
 *(.jumptables*)
 *(.lowtext)
 *(.lowtext*)
                0x000000b4                __ctors_start = .
 *(.ctors)
 .ctors         0x000000b4        0x2 main.o
                0x000000b6                __ctors_end = .
                0x000000b6                __dtors_start = .
 *(.dtors)
                0x000000b6                __dtors_end = .
 SORT(*)(.ctors)
 SORT(*)(.dtors)
 *(.init0)
 .init0         0x000000b6        0x0 C:/Program Files (x86)/Atmel/Studio/7.0/Packs/atmel/ATmega_DFP/1.2.150/gcc/dev/atmega328pb/avr5/crtatmega328pb.o
                0x000000b6                __init
 *(.init0)
 *(.init1)
 *(.init1)
 *(.init2)
 .init2         0x000000b6        0xc C:/Program Files (x86)/Atmel/Studio/7.0/Packs/atmel/ATmega_DFP/1.2.150/gcc/dev/atmega328pb/avr5/crtatmega328pb.o
 *(.init2)
 *(.init3)
 *(.init3)
 *(.init4)
 .init4         0x000000c2       0x16 c:/program files (x86)/atmel/studio/7.0/toolchain/avr8/avr8-gnu-toolchain/bin/../lib/gcc/avr/5.4.0/avr5\libgcc.a(_copy_data.o)
                0x000000c2                __do_copy_data
 .init4         0x000000d8       0x10 c:/program files (x86)/atmel/studio/7.0/toolchain/avr8/avr8-gnu-toolchain/bin/../lib/gcc/avr/5.4.0/avr5\libgcc.a(_clear_bss.o)
                0x000000d8                __do_clear_bss
 *(.init4)
 *(.init5)
 *(.init5)
 *(.init6)
 .init6         0x000000e8       0x16 c:/program files (x86)/atmel/studio/7.0/toolchain/avr8/avr8-gnu-toolchain/bin/../lib/gcc/avr/5.4.0/avr5\libgcc.a(_ctors.o)
                0x000000e8                __do_global_ctors
 *(.init6)
 *(.init7)
 *(.init7)
 *(.init8)
 *(.init8)
 *(.init9)
 .init9         0x000000fe        0x8 C:/Program Files (x86)/Atmel/Studio/7.0/Packs/atmel/ATmega_DFP/1.2.150/gcc/dev/atmega328pb/avr5/crtatmega328pb.o
 *(.init9)
 *(.text)
 .text          0x00000106        0x4 C:/Program Files (x86)/Atmel/Studio/7.0/Packs/atmel/ATmega_DFP/1.2.150/gcc/dev/atmega328pb/avr5/crtatmega328pb.o
                0x00000106                __vector_38
                0x00000106                __vector_22
                0x00000106                __vector_28
                0x00000106                __vector_32
                0x00000106                __vector_34
                0x00000106                __vector_24
                0x00000106                __vector_12
                0x00000106                __bad_interrupt
                0x00000106                __vector_6
                0x00000106                __vector_31
                0x00000106                __vector_35
                0x00000106                __vector_39
                0x00000106                __vector_3
                0x00000106                __vector_23
                0x00000106                __vector_30
                0x00000106                __vector_25
                0x00000106                __vector_11
                0x00000106                __vector_13
                0x00000106                __vector_17
                0x00000106                __vector_19
                0x00000106                __vector_7
                0x00000106                __vector_41
                0x00000106                __vector_43
                0x00000106                __vector_27
                0x00000106                __vector_5
                0x00000106                __vector_33
                0x00000106                __vector_37
                0x00000106                __vector_4
                0x00000106                __vector_44
                0x00000106                __vector_9
                0x00000106                __vector_2
                0x00000106                __vector_21
                0x00000106                __vector_15
                0x00000106                __vector_36
                0x00000106                __vector_29
                0x00000106                __vector_40
                0x00000106                __vector_8
                0x00000106                __vector_26
                0x00000106                __vector_14
                0x00000106                __vector_10
                0x00000106                __vector_16
                0x00000106                __vector_18
                0x00000106                __vector_20
                0x00000106                __vector_42
                0x0000010a                . = ALIGN (0x2)
 *(.text.*)
 .text._Z8setColori.part.2
                0x0000010a        0x8 main.o
 .text._Z9i2c_starth
                0x00000112       0x44 main.o
                0x00000112                _Z9i2c_starth
 .text._Z9i2c_writeh
                0x00000156       0x22 main.o
                0x00000156                _Z9i2c_writeh
 .text._Z12i2c_read_ackv
                0x00000178       0x14 main.o
                0x00000178                _Z12i2c_read_ackv
 .text._Z8i2c_stopv
                0x0000018c        0x8 main.o
                0x0000018c                _Z8i2c_stopv
 .text._ZN16Adafruit_VL53L0X5beginEhb
                0x00000194      0x152 main.o
                0x00000194                _ZN16Adafruit_VL53L0X5beginEhb
 .text._Z8spi_putch
                0x000002e6        0xc main.o
                0x000002e6                _Z8spi_putch
 .text._Z22mcp2515_write_registerhh
                0x000002f2       0x24 main.o
                0x000002f2                _Z22mcp2515_write_registerhh
 .text._Z21mcp2515_read_registerh
                0x00000316       0x1e main.o
                0x00000316                _Z21mcp2515_read_registerh
 .text._Z18mcp2515_bit_modifyhhh
                0x00000334       0x30 main.o
                0x00000334                _Z18mcp2515_bit_modifyhhh
 .text._Z19mcp2515_read_statush
                0x00000364       0x10 main.o
                0x00000364                _Z19mcp2515_read_statush
 .text._Z12mcp2515_initj
                0x00000374      0x1ac main.o
                0x00000374                _Z12mcp2515_initj
 .text._Z19mcp2515_get_messageP4tCAN
                0x00000520       0xf8 main.o
                0x00000520                _Z19mcp2515_get_messageP4tCAN
 .text._Z20mcp2515_send_messageP4tCAN
                0x00000618       0xde main.o
                0x00000618                _Z20mcp2515_send_messageP4tCAN
 .text._Z8setColori
                0x000006f6       0x2c main.o
                0x000006f6                _Z8setColori
 .text._Z9init_uartj
                0x00000722       0x36 main.o
                0x00000722                _Z9init_uartj
 .text._Z9uart_putch
                0x00000758        0xe main.o
                0x00000758                _Z9uart_putch
 .text._ZL4fputcP6__file
                0x00000766        0xa main.o
 .text._Z9uart_putsPKc
                0x00000770       0x18 main.o
                0x00000770                _Z9uart_putsPKc
 .text._Z17print_can_messageP4tCAN
                0x00000788       0xe4 main.o
                0x00000788                _Z17print_can_messageP4tCAN
 .text._Z10sendCANmsgPhi
                0x0000086c       0x90 main.o
                0x0000086c                _Z10sendCANmsgPhi
 .text._Z9sendErrorh
                0x000008fc       0x3e main.o
                0x000008fc                _Z9sendErrorh
 .text._Z15sendMeasurementjh
                0x0000093a       0x50 main.o
                0x0000093a                _Z15sendMeasurementjh
 .text._Z4initv
                0x0000098a       0xd8 main.o
                0x0000098a                _Z4initv
 .text._Z12checkMessagev
                0x00000a62       0xfc main.o
                0x00000a62                _Z12checkMessagev
 .text.__vector_1
                0x00000b5e       0x14 main.o
                0x00000b5e                __vector_1
 .text.startup.main
                0x00000b72      0x180 main.o
                0x00000b72                main
 .text.startup._GLOBAL__sub_I__Z8i2c_initv
                0x00000cf2       0x2e main.o
 .text.VL53L0X_GetFractionEnable
                0x00000d20       0x1e D:\Users\erics\Documents\TOF-CAN\firmware\ToF-CAN-Firmware\libs\Adafruit_VL53L0X\libVL530L0X.a(vl53l0x_api.o)
                0x00000d20                VL53L0X_GetFractionEnable
 .text.VL53L0X_SetMeasurementTimingBudgetMicroSeconds
                0x00000d3e        0x4 D:\Users\erics\Documents\TOF-CAN\firmware\ToF-CAN-Firmware\libs\Adafruit_VL53L0X\libVL530L0X.a(vl53l0x_api.o)
                0x00000d3e                VL53L0X_SetMeasurementTimingBudgetMicroSeconds
 .text.VL53L0X_GetVcselPulsePeriod
                0x00000d42        0x4 D:\Users\erics\Documents\TOF-CAN\firmware\ToF-CAN-Firmware\libs\Adafruit_VL53L0X\libVL530L0X.a(vl53l0x_api.o)
                0x00000d42                VL53L0X_GetVcselPulsePeriod
 .text.VL53L0X_SetSequenceStepEnable
                0x00000d46       0xe2 D:\Users\erics\Documents\TOF-CAN\firmware\ToF-CAN-Firmware\libs\Adafruit_VL53L0X\libVL530L0X.a(vl53l0x_api.o)
                0x00000d46                VL53L0X_SetSequenceStepEnable
 .text.VL53L0X_GetSequenceStepEnables
                0x00000e28       0x5a D:\Users\erics\Documents\TOF-CAN\firmware\ToF-CAN-Firmware\libs\Adafruit_VL53L0X\libVL530L0X.a(vl53l0x_api.o)
                0x00000e28                VL53L0X_GetSequenceStepEnables
 .text.VL53L0X_GetSequenceStepTimeout
                0x00000e82       0xd6 D:\Users\erics\Documents\TOF-CAN\firmware\ToF-CAN-Firmware\libs\Adafruit_VL53L0X\libVL530L0X.a(vl53l0x_api.o)
                0x00000e82                VL53L0X_GetSequenceStepTimeout
 .text.VL53L0X_GetInterMeasurementPeriodMilliSeconds
                0x00000f58       0x98 D:\Users\erics\Documents\TOF-CAN\firmware\ToF-CAN-Firmware\libs\Adafruit_VL53L0X\libVL530L0X.a(vl53l0x_api.o)
                0x00000f58                VL53L0X_GetInterMeasurementPeriodMilliSeconds
 .text.VL53L0X_GetXTalkCompensationEnable
                0x00000ff0        0xc D:\Users\erics\Documents\TOF-CAN\firmware\ToF-CAN-Firmware\libs\Adafruit_VL53L0X\libVL530L0X.a(vl53l0x_api.o)
                0x00000ff0                VL53L0X_GetXTalkCompensationEnable
 .text.VL53L0X_GetXTalkCompensationRateMegaCps
                0x00000ffc       0x82 D:\Users\erics\Documents\TOF-CAN\firmware\ToF-CAN-Firmware\libs\Adafruit_VL53L0X\libVL530L0X.a(vl53l0x_api.o)
                0x00000ffc                VL53L0X_GetXTalkCompensationRateMegaCps
 .text.VL53L0X_SetLimitCheckEnable
                0x0000107e       0xcc D:\Users\erics\Documents\TOF-CAN\firmware\ToF-CAN-Firmware\libs\Adafruit_VL53L0X\libVL530L0X.a(vl53l0x_api.o)
                0x0000107e                VL53L0X_SetLimitCheckEnable
 .text.VL53L0X_GetLimitCheckEnable
                0x0000114a       0x1e D:\Users\erics\Documents\TOF-CAN\firmware\ToF-CAN-Firmware\libs\Adafruit_VL53L0X\libVL530L0X.a(vl53l0x_api.o)
                0x0000114a                VL53L0X_GetLimitCheckEnable
 .text.VL53L0X_SetLimitCheckValue
                0x00001168       0xcc D:\Users\erics\Documents\TOF-CAN\firmware\ToF-CAN-Firmware\libs\Adafruit_VL53L0X\libVL530L0X.a(vl53l0x_api.o)
                0x00001168                VL53L0X_SetLimitCheckValue
 .text.VL53L0X_GetLimitCheckValue
                0x00001234       0xfa D:\Users\erics\Documents\TOF-CAN\firmware\ToF-CAN-Firmware\libs\Adafruit_VL53L0X\libVL530L0X.a(vl53l0x_api.o)
                0x00001234                VL53L0X_GetLimitCheckValue
 .text.VL53L0X_GetWrapAroundCheckEnable
                0x0000132e       0x5c D:\Users\erics\Documents\TOF-CAN\firmware\ToF-CAN-Firmware\libs\Adafruit_VL53L0X\libVL530L0X.a(vl53l0x_api.o)
                0x0000132e                VL53L0X_GetWrapAroundCheckEnable
 .text.VL53L0X_GetDeviceParameters
                0x0000138a       0xea D:\Users\erics\Documents\TOF-CAN\firmware\ToF-CAN-Firmware\libs\Adafruit_VL53L0X\libVL530L0X.a(vl53l0x_api.o)
                0x0000138a                VL53L0X_GetDeviceParameters
 .text.VL53L0X_DataInit
                0x00001474      0x230 D:\Users\erics\Documents\TOF-CAN\firmware\ToF-CAN-Firmware\libs\Adafruit_VL53L0X\libVL530L0X.a(vl53l0x_api.o)
                0x00001474                VL53L0X_DataInit
 .text.VL53L0X_PerformRefCalibration
                0x000016a4        0x6 D:\Users\erics\Documents\TOF-CAN\firmware\ToF-CAN-Firmware\libs\Adafruit_VL53L0X\libVL530L0X.a(vl53l0x_api.o)
                0x000016a4                VL53L0X_PerformRefCalibration
 .text.VL53L0X_GetRangingMeasurementData
                0x000016aa      0x27c D:\Users\erics\Documents\TOF-CAN\firmware\ToF-CAN-Firmware\libs\Adafruit_VL53L0X\libVL530L0X.a(vl53l0x_api.o)
                0x000016aa                VL53L0X_GetRangingMeasurementData
 .text.VL53L0X_GetInterruptThresholds
                0x00001926       0x64 D:\Users\erics\Documents\TOF-CAN\firmware\ToF-CAN-Firmware\libs\Adafruit_VL53L0X\libVL530L0X.a(vl53l0x_api.o)
                0x00001926                VL53L0X_GetInterruptThresholds
 .text._Z37VL53L0X_CheckAndLoadInterruptSettingsP13VL53L0X_Dev_th
                0x0000198a       0xc6 D:\Users\erics\Documents\TOF-CAN\firmware\ToF-CAN-Firmware\libs\Adafruit_VL53L0X\libVL530L0X.a(vl53l0x_api.o)
                0x0000198a                _Z37VL53L0X_CheckAndLoadInterruptSettingsP13VL53L0X_Dev_th
 .text.VL53L0X_StartMeasurement
                0x00001a50      0x11e D:\Users\erics\Documents\TOF-CAN\firmware\ToF-CAN-Firmware\libs\Adafruit_VL53L0X\libVL530L0X.a(vl53l0x_api.o)
                0x00001a50                VL53L0X_StartMeasurement
 .text.VL53L0X_PerformSingleMeasurement
                0x00001b6e       0x38 D:\Users\erics\Documents\TOF-CAN\firmware\ToF-CAN-Firmware\libs\Adafruit_VL53L0X\libVL530L0X.a(vl53l0x_api.o)
                0x00001b6e                VL53L0X_PerformSingleMeasurement
 .text.VL53L0X_ClearInterruptMask
                0x00001ba6       0x66 D:\Users\erics\Documents\TOF-CAN\firmware\ToF-CAN-Firmware\libs\Adafruit_VL53L0X\libVL530L0X.a(vl53l0x_api.o)
                0x00001ba6                VL53L0X_ClearInterruptMask
 .text.VL53L0X_PerformSingleRangingMeasurement
                0x00001c0c       0x40 D:\Users\erics\Documents\TOF-CAN\firmware\ToF-CAN-Firmware\libs\Adafruit_VL53L0X\libVL530L0X.a(vl53l0x_api.o)
                0x00001c0c                VL53L0X_PerformSingleRangingMeasurement
 .text.VL53L0X_SetGpioConfig
                0x00001c4c      0x15e D:\Users\erics\Documents\TOF-CAN\firmware\ToF-CAN-Firmware\libs\Adafruit_VL53L0X\libVL530L0X.a(vl53l0x_api.o)
                0x00001c4c                VL53L0X_SetGpioConfig
 .text.VL53L0X_StaticInit
                0x00001daa      0x25e D:\Users\erics\Documents\TOF-CAN\firmware\ToF-CAN-Firmware\libs\Adafruit_VL53L0X\libVL530L0X.a(vl53l0x_api.o)
                0x00001daa                VL53L0X_StaticInit
 .text.VL53L0X_GetInterruptMaskStatus
                0x00002008       0x44 D:\Users\erics\Documents\TOF-CAN\firmware\ToF-CAN-Firmware\libs\Adafruit_VL53L0X\libVL530L0X.a(vl53l0x_api.o)
                0x00002008                VL53L0X_GetInterruptMaskStatus
 .text.VL53L0X_GetMeasurementDataReady
                0x0000204c       0x70 D:\Users\erics\Documents\TOF-CAN\firmware\ToF-CAN-Firmware\libs\Adafruit_VL53L0X\libVL530L0X.a(vl53l0x_api.o)
                0x0000204c                VL53L0X_GetMeasurementDataReady
 .text.VL53L0X_PerformRefSpadManagement
                0x000020bc        0x4 D:\Users\erics\Documents\TOF-CAN\firmware\ToF-CAN-Firmware\libs\Adafruit_VL53L0X\libVL530L0X.a(vl53l0x_api.o)
                0x000020bc                VL53L0X_PerformRefSpadManagement
 .text.VL53L0X_get_offset_calibration_data_micro_meter
                0x000020c0       0x5c D:\Users\erics\Documents\TOF-CAN\firmware\ToF-CAN-Firmware\libs\Adafruit_VL53L0X\libVL530L0X.a(vl53l0x_api_calibration.o)
                0x000020c0                VL53L0X_get_offset_calibration_data_micro_meter
 .text._Z18get_next_good_spadPhmmPl
                0x0000211c      0x14a D:\Users\erics\Documents\TOF-CAN\firmware\ToF-CAN-Firmware\libs\Adafruit_VL53L0X\libVL530L0X.a(vl53l0x_api_calibration.o)
                0x0000211c                _Z18get_next_good_spadPhmmPl
 .text._Z11is_aperturem
                0x00002266       0x38 D:\Users\erics\Documents\TOF-CAN\firmware\ToF-CAN-Firmware\libs\Adafruit_VL53L0X\libVL530L0X.a(vl53l0x_api_calibration.o)
                0x00002266                _Z11is_aperturem
 .text._Z15enable_spad_bitPhmm
                0x0000229e       0x5c D:\Users\erics\Documents\TOF-CAN\firmware\ToF-CAN-Firmware\libs\Adafruit_VL53L0X\libVL530L0X.a(vl53l0x_api_calibration.o)
                0x0000229e                _Z15enable_spad_bitPhmm
 .text._Z16set_ref_spad_mapP13VL53L0X_Dev_tPh
                0x000022fa       0x1a D:\Users\erics\Documents\TOF-CAN\firmware\ToF-CAN-Firmware\libs\Adafruit_VL53L0X\libVL530L0X.a(vl53l0x_api_calibration.o)
                0x000022fa                _Z16set_ref_spad_mapP13VL53L0X_Dev_tPh
 .text._Z16get_ref_spad_mapP13VL53L0X_Dev_tPh
                0x00002314       0x1a D:\Users\erics\Documents\TOF-CAN\firmware\ToF-CAN-Firmware\libs\Adafruit_VL53L0X\libVL530L0X.a(vl53l0x_api_calibration.o)
                0x00002314                _Z16get_ref_spad_mapP13VL53L0X_Dev_tPh
 .text._Z16enable_ref_spadsP13VL53L0X_Dev_thPhS1_mmmmPm
                0x0000232e      0x198 D:\Users\erics\Documents\TOF-CAN\firmware\ToF-CAN-Firmware\libs\Adafruit_VL53L0X\libVL530L0X.a(vl53l0x_api_calibration.o)
                0x0000232e                _Z16enable_ref_spadsP13VL53L0X_Dev_thPhS1_mmmmPm
 .text._Z30perform_ref_signal_measurementP13VL53L0X_Dev_tPj
                0x000024c6       0xae D:\Users\erics\Documents\TOF-CAN\firmware\ToF-CAN-Firmware\libs\Adafruit_VL53L0X\libVL530L0X.a(vl53l0x_api_calibration.o)
                0x000024c6                _Z30perform_ref_signal_measurementP13VL53L0X_Dev_tPj
 .text.VL53L0X_set_reference_spads
                0x00002574      0x154 D:\Users\erics\Documents\TOF-CAN\firmware\ToF-CAN-Firmware\libs\Adafruit_VL53L0X\libVL530L0X.a(vl53l0x_api_calibration.o)
                0x00002574                VL53L0X_set_reference_spads
 .text._Z38VL53L0X_perform_single_ref_calibrationP13VL53L0X_Dev_th
                0x000026c8       0x42 D:\Users\erics\Documents\TOF-CAN\firmware\ToF-CAN-Firmware\libs\Adafruit_VL53L0X\libVL530L0X.a(vl53l0x_api_calibration.o)
                0x000026c8                _Z38VL53L0X_perform_single_ref_calibrationP13VL53L0X_Dev_th
 .text._Z26VL53L0X_ref_calibration_ioP13VL53L0X_Dev_thhhPhS1_hh
                0x0000270a       0xea D:\Users\erics\Documents\TOF-CAN\firmware\ToF-CAN-Firmware\libs\Adafruit_VL53L0X\libVL530L0X.a(vl53l0x_api_calibration.o)
                0x0000270a                _Z26VL53L0X_ref_calibration_ioP13VL53L0X_Dev_thhhPhS1_hh
 .text._Z31VL53L0X_perform_vhv_calibrationP13VL53L0X_Dev_tPhhh
                0x000027f4       0xb0 D:\Users\erics\Documents\TOF-CAN\firmware\ToF-CAN-Firmware\libs\Adafruit_VL53L0X\libVL530L0X.a(vl53l0x_api_calibration.o)
                0x000027f4                _Z31VL53L0X_perform_vhv_calibrationP13VL53L0X_Dev_tPhhh
 .text.VL53L0X_perform_phase_calibration
                0x000028a4       0xac D:\Users\erics\Documents\TOF-CAN\firmware\ToF-CAN-Firmware\libs\Adafruit_VL53L0X\libVL530L0X.a(vl53l0x_api_calibration.o)
                0x000028a4                VL53L0X_perform_phase_calibration
 .text.VL53L0X_perform_ref_calibration
                0x00002950       0x60 D:\Users\erics\Documents\TOF-CAN\firmware\ToF-CAN-Firmware\libs\Adafruit_VL53L0X\libVL530L0X.a(vl53l0x_api_calibration.o)
                0x00002950                VL53L0X_perform_ref_calibration
 .text.VL53L0X_perform_ref_spad_management
                0x000029b0      0x464 D:\Users\erics\Documents\TOF-CAN\firmware\ToF-CAN-Firmware\libs\Adafruit_VL53L0X\libVL530L0X.a(vl53l0x_api_calibration.o)
                0x000029b0                VL53L0X_perform_ref_spad_management
 .text.VL53L0X_measurement_poll_for_completion
                0x00002e14       0x54 D:\Users\erics\Documents\TOF-CAN\firmware\ToF-CAN-Firmware\libs\Adafruit_VL53L0X\libVL530L0X.a(vl53l0x_api_core.o)
                0x00002e14                VL53L0X_measurement_poll_for_completion
 .text._Z26VL53L0X_device_read_strobeP13VL53L0X_Dev_t
                0x00002e68       0x70 D:\Users\erics\Documents\TOF-CAN\firmware\ToF-CAN-Firmware\libs\Adafruit_VL53L0X\libVL530L0X.a(vl53l0x_api_core.o)
                0x00002e68                _Z26VL53L0X_device_read_strobeP13VL53L0X_Dev_t
 .text.VL53L0X_get_info_from_device
                0x00002ed8      0x70e D:\Users\erics\Documents\TOF-CAN\firmware\ToF-CAN-Firmware\libs\Adafruit_VL53L0X\libVL530L0X.a(vl53l0x_api_core.o)
                0x00002ed8                VL53L0X_get_info_from_device
 .text.VL53L0X_encode_timeout
                0x000035e6       0x54 D:\Users\erics\Documents\TOF-CAN\firmware\ToF-CAN-Firmware\libs\Adafruit_VL53L0X\libVL530L0X.a(vl53l0x_api_core.o)
                0x000035e6                VL53L0X_encode_timeout
 .text.VL53L0X_calc_timeout_mclks
                0x0000363a       0x8a D:\Users\erics\Documents\TOF-CAN\firmware\ToF-CAN-Firmware\libs\Adafruit_VL53L0X\libVL530L0X.a(vl53l0x_api_core.o)
                0x0000363a                VL53L0X_calc_timeout_mclks
 .text._Z23VL53L0X_calc_timeout_usP13VL53L0X_Dev_tjh
                0x000036c4       0x9e D:\Users\erics\Documents\TOF-CAN\firmware\ToF-CAN-Firmware\libs\Adafruit_VL53L0X\libVL530L0X.a(vl53l0x_api_core.o)
                0x000036c4                _Z23VL53L0X_calc_timeout_usP13VL53L0X_Dev_tjh
 .text.get_sequence_step_timeout
                0x00003762      0x1c2 D:\Users\erics\Documents\TOF-CAN\firmware\ToF-CAN-Firmware\libs\Adafruit_VL53L0X\libVL530L0X.a(vl53l0x_api_core.o)
                0x00003762                get_sequence_step_timeout
 .text.set_sequence_step_timeout
                0x00003924      0x1a0 D:\Users\erics\Documents\TOF-CAN\firmware\ToF-CAN-Firmware\libs\Adafruit_VL53L0X\libVL530L0X.a(vl53l0x_api_core.o)
                0x00003924                set_sequence_step_timeout
 .text.VL53L0X_get_vcsel_pulse_period
                0x00003ac4       0x4c D:\Users\erics\Documents\TOF-CAN\firmware\ToF-CAN-Firmware\libs\Adafruit_VL53L0X\libVL530L0X.a(vl53l0x_api_core.o)
                0x00003ac4                VL53L0X_get_vcsel_pulse_period
 .text.VL53L0X_set_measurement_timing_budget_micro_seconds
                0x00003b10      0x196 D:\Users\erics\Documents\TOF-CAN\firmware\ToF-CAN-Firmware\libs\Adafruit_VL53L0X\libVL530L0X.a(vl53l0x_api_core.o)
                0x00003b10                VL53L0X_set_measurement_timing_budget_micro_seconds
 .text.VL53L0X_get_measurement_timing_budget_micro_seconds
                0x00003ca6      0x1ce D:\Users\erics\Documents\TOF-CAN\firmware\ToF-CAN-Firmware\libs\Adafruit_VL53L0X\libVL530L0X.a(vl53l0x_api_core.o)
                0x00003ca6                VL53L0X_get_measurement_timing_budget_micro_seconds
 .text.VL53L0X_load_tuning_settings
                0x00003e74      0x1b4 D:\Users\erics\Documents\TOF-CAN\firmware\ToF-CAN-Firmware\libs\Adafruit_VL53L0X\libVL530L0X.a(vl53l0x_api_core.o)
                0x00003e74                VL53L0X_load_tuning_settings
 .text.VL53L0X_get_total_xtalk_rate
                0x00004028       0x90 D:\Users\erics\Documents\TOF-CAN\firmware\ToF-CAN-Firmware\libs\Adafruit_VL53L0X\libVL530L0X.a(vl53l0x_api_core.o)
                0x00004028                VL53L0X_get_total_xtalk_rate
 .text.VL53L0X_get_total_signal_rate
                0x000040b8       0x78 D:\Users\erics\Documents\TOF-CAN\firmware\ToF-CAN-Firmware\libs\Adafruit_VL53L0X\libVL530L0X.a(vl53l0x_api_core.o)
                0x000040b8                VL53L0X_get_total_signal_rate
 .text.VL53L0X_calc_sigma_estimate
                0x00004130       0xea D:\Users\erics\Documents\TOF-CAN\firmware\ToF-CAN-Firmware\libs\Adafruit_VL53L0X\libVL530L0X.a(vl53l0x_api_core.o)
                0x00004130                VL53L0X_calc_sigma_estimate
 .text.VL53L0X_get_pal_range_status
                0x0000421a      0x308 D:\Users\erics\Documents\TOF-CAN\firmware\ToF-CAN-Firmware\libs\Adafruit_VL53L0X\libVL530L0X.a(vl53l0x_api_core.o)
                0x0000421a                VL53L0X_get_pal_range_status
 .text.VL53L0X_WriteMulti
                0x00004522       0x32 D:\Users\erics\Documents\TOF-CAN\firmware\ToF-CAN-Firmware\libs\Adafruit_VL53L0X\libVL530L0X.a(vl53l0x_platform.o)
                0x00004522                VL53L0X_WriteMulti
 .text.VL53L0X_ReadMulti
                0x00004554       0x32 D:\Users\erics\Documents\TOF-CAN\firmware\ToF-CAN-Firmware\libs\Adafruit_VL53L0X\libVL530L0X.a(vl53l0x_platform.o)
                0x00004554                VL53L0X_ReadMulti
 .text.VL53L0X_WrByte
                0x00004586       0x18 D:\Users\erics\Documents\TOF-CAN\firmware\ToF-CAN-Firmware\libs\Adafruit_VL53L0X\libVL530L0X.a(vl53l0x_platform.o)
                0x00004586                VL53L0X_WrByte
 .text.VL53L0X_WrWord
                0x0000459e       0x18 D:\Users\erics\Documents\TOF-CAN\firmware\ToF-CAN-Firmware\libs\Adafruit_VL53L0X\libVL530L0X.a(vl53l0x_platform.o)
                0x0000459e                VL53L0X_WrWord
 .text.VL53L0X_UpdateByte
                0x000045b6       0x5a D:\Users\erics\Documents\TOF-CAN\firmware\ToF-CAN-Firmware\libs\Adafruit_VL53L0X\libVL530L0X.a(vl53l0x_platform.o)
                0x000045b6                VL53L0X_UpdateByte
 .text.VL53L0X_RdByte
                0x00004610       0x18 D:\Users\erics\Documents\TOF-CAN\firmware\ToF-CAN-Firmware\libs\Adafruit_VL53L0X\libVL530L0X.a(vl53l0x_platform.o)
                0x00004610                VL53L0X_RdByte
 .text.VL53L0X_RdWord
                0x00004628       0x18 D:\Users\erics\Documents\TOF-CAN\firmware\ToF-CAN-Firmware\libs\Adafruit_VL53L0X\libVL530L0X.a(vl53l0x_platform.o)
                0x00004628                VL53L0X_RdWord
 .text.VL53L0X_RdDWord
                0x00004640       0x18 D:\Users\erics\Documents\TOF-CAN\firmware\ToF-CAN-Firmware\libs\Adafruit_VL53L0X\libVL530L0X.a(vl53l0x_platform.o)
                0x00004640                VL53L0X_RdDWord
 .text.VL53L0X_PollingDelay
                0x00004658       0x50 D:\Users\erics\Documents\TOF-CAN\firmware\ToF-CAN-Firmware\libs\Adafruit_VL53L0X\libVL530L0X.a(vl53l0x_platform.o)
                0x00004658                VL53L0X_PollingDelay
 .text._Z19VL53L0X_write_multihhPhm
                0x000046a8       0x64 D:\Users\erics\Documents\TOF-CAN\firmware\ToF-CAN-Firmware\libs\Adafruit_VL53L0X\libVL530L0X.a(vl53l0x_i2c_comms.o)
                0x000046a8                _Z19VL53L0X_write_multihhPhm
 .text._Z18VL53L0X_read_multihhPhm
                0x0000470c       0x74 D:\Users\erics\Documents\TOF-CAN\firmware\ToF-CAN-Firmware\libs\Adafruit_VL53L0X\libVL530L0X.a(vl53l0x_i2c_comms.o)
                0x0000470c                _Z18VL53L0X_read_multihhPhm
 .text._Z18VL53L0X_write_bytehhh
                0x00004780       0x2e D:\Users\erics\Documents\TOF-CAN\firmware\ToF-CAN-Firmware\libs\Adafruit_VL53L0X\libVL530L0X.a(vl53l0x_i2c_comms.o)
                0x00004780                _Z18VL53L0X_write_bytehhh
 .text._Z18VL53L0X_write_wordhhj
                0x000047ae       0x32 D:\Users\erics\Documents\TOF-CAN\firmware\ToF-CAN-Firmware\libs\Adafruit_VL53L0X\libVL530L0X.a(vl53l0x_i2c_comms.o)
                0x000047ae                _Z18VL53L0X_write_wordhhj
 .text._Z17VL53L0X_read_bytehhPh
                0x000047e0       0x16 D:\Users\erics\Documents\TOF-CAN\firmware\ToF-CAN-Firmware\libs\Adafruit_VL53L0X\libVL530L0X.a(vl53l0x_i2c_comms.o)
                0x000047e0                _Z17VL53L0X_read_bytehhPh
 .text._Z17VL53L0X_read_wordhhPj
                0x000047f6       0x48 D:\Users\erics\Documents\TOF-CAN\firmware\ToF-CAN-Firmware\libs\Adafruit_VL53L0X\libVL530L0X.a(vl53l0x_i2c_comms.o)
                0x000047f6                _Z17VL53L0X_read_wordhhPj
 .text._Z18VL53L0X_read_dwordhhPm
                0x0000483e       0x6e D:\Users\erics\Documents\TOF-CAN\firmware\ToF-CAN-Firmware\libs\Adafruit_VL53L0X\libVL530L0X.a(vl53l0x_i2c_comms.o)
                0x0000483e                _Z18VL53L0X_read_dwordhhPm
 .text.libgcc.div
                0x000048ac       0x28 c:/program files (x86)/atmel/studio/7.0/toolchain/avr8/avr8-gnu-toolchain/bin/../lib/gcc/avr/5.4.0/avr5\libgcc.a(_udivmodhi4.o)
                0x000048ac                __udivmodhi4
 .text.libgcc.div
                0x000048d4       0x44 c:/program files (x86)/atmel/studio/7.0/toolchain/avr8/avr8-gnu-toolchain/bin/../lib/gcc/avr/5.4.0/avr5\libgcc.a(_udivmodsi4.o)
                0x000048d4                __udivmodsi4
 .text.libgcc.div
                0x00004918       0x2e c:/program files (x86)/atmel/studio/7.0/toolchain/avr8/avr8-gnu-toolchain/bin/../lib/gcc/avr/5.4.0/avr5\libgcc.a(_divmodsi4.o)
                0x00004918                __divmodsi4
 .text.libgcc.div
                0x00004946       0x10 c:/program files (x86)/atmel/studio/7.0/toolchain/avr8/avr8-gnu-toolchain/bin/../lib/gcc/avr/5.4.0/avr5\libgcc.a(_negsi2.o)
                0x00004946                __negsi2
 .text.libgcc   0x00004956        0xc c:/program files (x86)/atmel/studio/7.0/toolchain/avr8/avr8-gnu-toolchain/bin/../lib/gcc/avr/5.4.0/avr5\libgcc.a(_tablejump2.o)
                0x00004956                __tablejump2__
 .text.libgcc.mul
                0x00004962       0x1e c:/program files (x86)/atmel/studio/7.0/toolchain/avr8/avr8-gnu-toolchain/bin/../lib/gcc/avr/5.4.0/avr5\libgcc.a(_umulhisi3.o)
                0x00004962                __umulhisi3
 .text.libgcc.mul
                0x00004980       0x16 c:/program files (x86)/atmel/studio/7.0/toolchain/avr8/avr8-gnu-toolchain/bin/../lib/gcc/avr/5.4.0/avr5\libgcc.a(_muluhisi3.o)
                0x00004980                __muluhisi3
 .text.avr-libc
                0x00004996        0xe c:/program files (x86)/atmel/studio/7.0/toolchain/avr8/avr8-gnu-toolchain/bin/../lib/gcc/avr/5.4.0/../../../../avr/lib/avr5\libc.a(strcpy.o)
                0x00004996                strcpy
 .text.avr-libc
                0x000049a4       0x2c c:/program files (x86)/atmel/studio/7.0/toolchain/avr8/avr8-gnu-toolchain/bin/../lib/gcc/avr/5.4.0/../../../../avr/lib/avr5\libc.a(printf.o)
                0x000049a4                printf
 .text.avr-libc
                0x000049d0       0x60 c:/program files (x86)/atmel/studio/7.0/toolchain/avr8/avr8-gnu-toolchain/bin/../lib/gcc/avr/5.4.0/../../../../avr/lib/avr5\libc.a(puts.o)
                0x000049d0                puts
 .text.avr-libc
                0x00004a30      0x3c2 c:/program files (x86)/atmel/studio/7.0/toolchain/avr8/avr8-gnu-toolchain/bin/../lib/gcc/avr/5.4.0/../../../../avr/lib/avr5\libc.a(vfprintf_std.o)
                0x00004a30                vfprintf
 .text.avr-libc
                0x00004df2       0x16 c:/program files (x86)/atmel/studio/7.0/toolchain/avr8/avr8-gnu-toolchain/bin/../lib/gcc/avr/5.4.0/../../../../avr/lib/avr5\libc.a(strnlen_P.o)
                0x00004df2                strnlen_P
 .text.avr-libc
                0x00004e08       0x16 c:/program files (x86)/atmel/studio/7.0/toolchain/avr8/avr8-gnu-toolchain/bin/../lib/gcc/avr/5.4.0/../../../../avr/lib/avr5\libc.a(strnlen.o)
                0x00004e08                strnlen
 .text.avr-libc
                0x00004e1e       0x78 c:/program files (x86)/atmel/studio/7.0/toolchain/avr8/avr8-gnu-toolchain/bin/../lib/gcc/avr/5.4.0/../../../../avr/lib/avr5\libc.a(fputc.o)
                0x00004e1e                fputc
 .text.avr-libc
                0x00004e96       0xbc c:/program files (x86)/atmel/studio/7.0/toolchain/avr8/avr8-gnu-toolchain/bin/../lib/gcc/avr/5.4.0/../../../../avr/lib/avr5\libc.a(ultoa_invert.o)
                0x00004e96                __ultoa_invert
 .text.avr-libc
                0x00004f52        0xc C:/Program Files (x86)/Atmel/Studio/7.0/Packs/atmel/ATmega_DFP/1.2.150/gcc/dev/atmega328pb/avr5\libatmega328pb.a(eerd_word.o)
                0x00004f52                eeprom_read_word
 .text.avr-libc
                0x00004f5e        0xa C:/Program Files (x86)/Atmel/Studio/7.0/Packs/atmel/ATmega_DFP/1.2.150/gcc/dev/atmega328pb/avr5\libatmega328pb.a(eewr_word.o)
                0x00004f5e                eeprom_write_word
 .text.avr-libc
                0x00004f68       0x20 C:/Program Files (x86)/Atmel/Studio/7.0/Packs/atmel/ATmega_DFP/1.2.150/gcc/dev/atmega328pb/avr5\libatmega328pb.a(eerd_block.o)
                0x00004f68                eeprom_read_block
                0x00004f6c                eeprom_read_blraw
 .text.avr-libc
                0x00004f88       0x1c C:/Program Files (x86)/Atmel/Studio/7.0/Packs/atmel/ATmega_DFP/1.2.150/gcc/dev/atmega328pb/avr5\libatmega328pb.a(eewr_byte.o)
                0x00004f88                eeprom_write_byte
                0x00004f8a                eeprom_write_r18
 .text.libgcc.prologue
                0x00004fa4       0x38 c:/program files (x86)/atmel/studio/7.0/toolchain/avr8/avr8-gnu-toolchain/bin/../lib/gcc/avr/5.4.0/avr5\libgcc.a(_prologue.o)
                0x00004fa4                __prologue_saves__
 .text.libgcc.prologue
                0x00004fdc       0x36 c:/program files (x86)/atmel/studio/7.0/toolchain/avr8/avr8-gnu-toolchain/bin/../lib/gcc/avr/5.4.0/avr5\libgcc.a(_epilogue.o)
                0x00004fdc                __epilogue_restores__
                0x00005012                . = ALIGN (0x2)
 *(.fini9)
 .fini9         0x00005012        0x0 c:/program files (x86)/atmel/studio/7.0/toolchain/avr8/avr8-gnu-toolchain/bin/../lib/gcc/avr/5.4.0/avr5\libgcc.a(_exit.o)
                0x00005012                _exit
                0x00005012                exit
 *(.fini9)
 *(.fini8)
 *(.fini8)
 *(.fini7)
 *(.fini7)
 *(.fini6)
 *(.fini6)
 *(.fini5)
 *(.fini5)
 *(.fini4)
 *(.fini4)
 *(.fini3)
 *(.fini3)
 *(.fini2)
 *(.fini2)
 *(.fini1)
 *(.fini1)
 *(.fini0)
 .fini0         0x00005012        0x4 c:/program files (x86)/atmel/studio/7.0/toolchain/avr8/avr8-gnu-toolchain/bin/../lib/gcc/avr/5.4.0/avr5\libgcc.a(_exit.o)
 *(.fini0)
                0x00005016                _etext = .

.data           0x00800100      0x446 load address 0x00005016
                0x00800100                PROVIDE (__data_start, .)
 *(.data)
 *(.data*)
 .data.lastErrorCode
                0x00800100        0x2 main.o
                0x00800100                lastErrorCode
 .data.InterruptThresholdSettings
                0x00800102      0x1b6 D:\Users\erics\Documents\TOF-CAN\firmware\ToF-CAN-Firmware\libs\Adafruit_VL53L0X\libVL530L0X.a(vl53l0x_api.o)
                0x00800102                InterruptThresholdSettings
 .data.DefaultTuningSettings
                0x008002b8       0xf3 D:\Users\erics\Documents\TOF-CAN\firmware\ToF-CAN-Firmware\libs\Adafruit_VL53L0X\libVL530L0X.a(vl53l0x_api.o)
                0x008002b8                DefaultTuningSettings
 .data.refArrayQuadrants
                0x008003ab       0x10 D:\Users\erics\Documents\TOF-CAN\firmware\ToF-CAN-Firmware\libs\Adafruit_VL53L0X\libVL530L0X.a(vl53l0x_api_calibration.o)
                0x008003ab                refArrayQuadrants
 *(.gnu.linkonce.d*)
 *(.rodata)
 .rodata        0x008003bb        0x3 main.o
 *(.rodata*)
 .rodata.str1.1
                0x008003be      0x188 main.o
                                0x18a (size before relaxing)
 *(.gnu.linkonce.r*)
                0x00800546                . = ALIGN (0x2)
                0x00800546                _edata = .
                0x00800546                PROVIDE (__data_end, .)

.bss            0x00800546      0x1d2
                0x00800546                PROVIDE (__bss_start, .)
 *(.bss)
 *(.bss*)
 .bss._ZZ4mainE11uart_stdout
                0x00800546        0xe main.o
 .bss.timesincelasterrorsend
                0x00800554        0x1 main.o
                0x00800554                timesincelasterrorsend
 .bss.count     0x00800555        0x1 main.o
                0x00800555                count
 .bss.tof       0x00800556      0x1b4 main.o
                0x00800556                tof
 .bss.canBusAddr
                0x0080070a        0x4 main.o
                0x0080070a                canBusAddr
 .bss.lastDistance
                0x0080070e        0x2 main.o
                0x0080070e                lastDistance
 .bss.errorCode
                0x00800710        0x2 main.o
                0x00800710                errorCode
 *(COMMON)
 COMMON         0x00800712        0x6 c:/program files (x86)/atmel/studio/7.0/toolchain/avr8/avr8-gnu-toolchain/bin/../lib/gcc/avr/5.4.0/../../../../avr/lib/avr5\libc.a(iob.o)
                0x00800712                __iob
                0x00800718                PROVIDE (__bss_end, .)
                0x00005016                __data_load_start = LOADADDR (.data)
                0x0000545c                __data_load_end = (__data_load_start + SIZEOF (.data))

.noinit         0x00800718        0x0
                [!provide]                PROVIDE (__noinit_start, .)
 *(.noinit*)
                [!provide]                PROVIDE (__noinit_end, .)
                0x00800718                _end = .
                [!provide]                PROVIDE (__heap_start, .)

.eeprom         0x00810000        0x0
 *(.eeprom*)
                0x00810000                __eeprom_end = .

.fuse
 *(.fuse)
 *(.lfuse)
 *(.hfuse)
 *(.efuse)

.lock
 *(.lock*)

.signature
 *(.signature*)

.user_signatures
 *(.user_signatures*)

.stab
 *(.stab)

.stabstr
 *(.stabstr)

.stab.excl
 *(.stab.excl)

.stab.exclstr
 *(.stab.exclstr)

.stab.index
 *(.stab.index)

.stab.indexstr
 *(.stab.indexstr)

.comment        0x00000000       0x5c
 *(.comment)
 .comment       0x00000000       0x30 main.o
                                 0x31 (size before relaxing)
 .comment       0x00000030       0x31 D:\Users\erics\Documents\TOF-CAN\firmware\ToF-CAN-Firmware\libs\Adafruit_VL53L0X\libVL530L0X.a(vl53l0x_api.o)
 .comment       0x00000030       0x31 D:\Users\erics\Documents\TOF-CAN\firmware\ToF-CAN-Firmware\libs\Adafruit_VL53L0X\libVL530L0X.a(vl53l0x_api_calibration.o)
 .comment       0x00000030       0x31 D:\Users\erics\Documents\TOF-CAN\firmware\ToF-CAN-Firmware\libs\Adafruit_VL53L0X\libVL530L0X.a(vl53l0x_api_core.o)
 .comment       0x00000030       0x31 D:\Users\erics\Documents\TOF-CAN\firmware\ToF-CAN-Firmware\libs\Adafruit_VL53L0X\libVL530L0X.a(vl53l0x_platform.o)
 .comment       0x00000030       0x31 D:\Users\erics\Documents\TOF-CAN\firmware\ToF-CAN-Firmware\libs\Adafruit_VL53L0X\libVL530L0X.a(vl53l0x_i2c_comms.o)
 .comment       0x00000030       0x31 c:/program files (x86)/atmel/studio/7.0/toolchain/avr8/avr8-gnu-toolchain/bin/../lib/gcc/avr/5.4.0/../../../../avr/lib/avr5\libc.a(iob.o)
 .comment       0x00000030       0x31 c:/program files (x86)/atmel/studio/7.0/toolchain/avr8/avr8-gnu-toolchain/bin/../lib/gcc/avr/5.4.0/../../../../avr/lib/avr5\libc.a(printf.o)
 .comment       0x00000030       0x31 c:/program files (x86)/atmel/studio/7.0/toolchain/avr8/avr8-gnu-toolchain/bin/../lib/gcc/avr/5.4.0/../../../../avr/lib/avr5\libc.a(puts.o)
 .comment       0x00000030       0x2c c:/program files (x86)/atmel/studio/7.0/toolchain/avr8/avr8-gnu-toolchain/bin/../lib/gcc/avr/5.4.0/../../../../avr/lib/avr5\libc.a(vfprintf_std.o)
                                 0x2d (size before relaxing)
 .comment       0x0000005c       0x31 c:/program files (x86)/atmel/studio/7.0/toolchain/avr8/avr8-gnu-toolchain/bin/../lib/gcc/avr/5.4.0/../../../../avr/lib/avr5\libc.a(fputc.o)

.note.gnu.avr.deviceinfo
                0x00000000       0x40
 .note.gnu.avr.deviceinfo
                0x00000000       0x40 C:/Program Files (x86)/Atmel/Studio/7.0/Packs/atmel/ATmega_DFP/1.2.150/gcc/dev/atmega328pb/avr5/crtatmega328pb.o

.note.gnu.build-id
 *(.note.gnu.build-id)

.debug
 *(.debug)

.line
 *(.line)

.debug_srcinfo
 *(.debug_srcinfo)

.debug_sfnames
 *(.debug_sfnames)

.debug_aranges  0x00000000       0x80
 *(.debug_aranges)
 .debug_aranges
                0x00000000       0x20 C:/Program Files (x86)/Atmel/Studio/7.0/Packs/atmel/ATmega_DFP/1.2.150/gcc/dev/atmega328pb/avr5\libatmega328pb.a(eerd_word.o)
 .debug_aranges
                0x00000020       0x20 C:/Program Files (x86)/Atmel/Studio/7.0/Packs/atmel/ATmega_DFP/1.2.150/gcc/dev/atmega328pb/avr5\libatmega328pb.a(eewr_word.o)
 .debug_aranges
                0x00000040       0x20 C:/Program Files (x86)/Atmel/Studio/7.0/Packs/atmel/ATmega_DFP/1.2.150/gcc/dev/atmega328pb/avr5\libatmega328pb.a(eerd_block.o)
 .debug_aranges
                0x00000060       0x20 C:/Program Files (x86)/Atmel/Studio/7.0/Packs/atmel/ATmega_DFP/1.2.150/gcc/dev/atmega328pb/avr5\libatmega328pb.a(eewr_byte.o)

.debug_pubnames
 *(.debug_pubnames)

.debug_info     0x00000000      0xb9f
 *(.debug_info .gnu.linkonce.wi.*)
 .debug_info    0x00000000      0x8ea C:/Program Files (x86)/Atmel/Studio/7.0/Packs/atmel/ATmega_DFP/1.2.150/gcc/dev/atmega328pb/avr5/crtatmega328pb.o
 .debug_info    0x000008ea       0xad C:/Program Files (x86)/Atmel/Studio/7.0/Packs/atmel/ATmega_DFP/1.2.150/gcc/dev/atmega328pb/avr5\libatmega328pb.a(eerd_word.o)
 .debug_info    0x00000997       0xad C:/Program Files (x86)/Atmel/Studio/7.0/Packs/atmel/ATmega_DFP/1.2.150/gcc/dev/atmega328pb/avr5\libatmega328pb.a(eewr_word.o)
 .debug_info    0x00000a44       0xae C:/Program Files (x86)/Atmel/Studio/7.0/Packs/atmel/ATmega_DFP/1.2.150/gcc/dev/atmega328pb/avr5\libatmega328pb.a(eerd_block.o)
 .debug_info    0x00000af2       0xad C:/Program Files (x86)/Atmel/Studio/7.0/Packs/atmel/ATmega_DFP/1.2.150/gcc/dev/atmega328pb/avr5\libatmega328pb.a(eewr_byte.o)

.debug_abbrev   0x00000000      0x8be
 *(.debug_abbrev)
 .debug_abbrev  0x00000000      0x86e C:/Program Files (x86)/Atmel/Studio/7.0/Packs/atmel/ATmega_DFP/1.2.150/gcc/dev/atmega328pb/avr5/crtatmega328pb.o
 .debug_abbrev  0x0000086e       0x14 C:/Program Files (x86)/Atmel/Studio/7.0/Packs/atmel/ATmega_DFP/1.2.150/gcc/dev/atmega328pb/avr5\libatmega328pb.a(eerd_word.o)
 .debug_abbrev  0x00000882       0x14 C:/Program Files (x86)/Atmel/Studio/7.0/Packs/atmel/ATmega_DFP/1.2.150/gcc/dev/atmega328pb/avr5\libatmega328pb.a(eewr_word.o)
 .debug_abbrev  0x00000896       0x14 C:/Program Files (x86)/Atmel/Studio/7.0/Packs/atmel/ATmega_DFP/1.2.150/gcc/dev/atmega328pb/avr5\libatmega328pb.a(eerd_block.o)
 .debug_abbrev  0x000008aa       0x14 C:/Program Files (x86)/Atmel/Studio/7.0/Packs/atmel/ATmega_DFP/1.2.150/gcc/dev/atmega328pb/avr5\libatmega328pb.a(eewr_byte.o)

.debug_line     0x00000000      0x3b0
 *(.debug_line .debug_line.* .debug_line_end)
 .debug_line    0x00000000      0x1a5 C:/Program Files (x86)/Atmel/Studio/7.0/Packs/atmel/ATmega_DFP/1.2.150/gcc/dev/atmega328pb/avr5/crtatmega328pb.o
 .debug_line    0x000001a5       0x67 C:/Program Files (x86)/Atmel/Studio/7.0/Packs/atmel/ATmega_DFP/1.2.150/gcc/dev/atmega328pb/avr5\libatmega328pb.a(eerd_word.o)
 .debug_line    0x0000020c       0x5b C:/Program Files (x86)/Atmel/Studio/7.0/Packs/atmel/ATmega_DFP/1.2.150/gcc/dev/atmega328pb/avr5\libatmega328pb.a(eewr_word.o)
 .debug_line    0x00000267       0xab C:/Program Files (x86)/Atmel/Studio/7.0/Packs/atmel/ATmega_DFP/1.2.150/gcc/dev/atmega328pb/avr5\libatmega328pb.a(eerd_block.o)
 .debug_line    0x00000312       0x9e C:/Program Files (x86)/Atmel/Studio/7.0/Packs/atmel/ATmega_DFP/1.2.150/gcc/dev/atmega328pb/avr5\libatmega328pb.a(eewr_byte.o)

.debug_frame
 *(.debug_frame)

.debug_str      0x00000000      0x318
 *(.debug_str)
 .debug_str     0x00000000      0x318 C:/Program Files (x86)/Atmel/Studio/7.0/Packs/atmel/ATmega_DFP/1.2.150/gcc/dev/atmega328pb/avr5/crtatmega328pb.o

.debug_loc
 *(.debug_loc)

.debug_macinfo
 *(.debug_macinfo)

.debug_weaknames
 *(.debug_weaknames)

.debug_funcnames
 *(.debug_funcnames)

.debug_typenames
 *(.debug_typenames)

.debug_varnames
 *(.debug_varnames)

.debug_pubtypes
 *(.debug_pubtypes)

.debug_ranges
 *(.debug_ranges)

.debug_macro
 *(.debug_macro)
OUTPUT(ToF-CAN-Firmware.elf elf32-avr)
LOAD linker stubs
