Archive member included to satisfy reference by file (symbol)

D:\Users\erics\Documents\TOF-CAN\firmware\ToF-CAN-Firmware\libs\Adafruit_VL53L0X\libVL530L0X.a(vl53l0x_api.o)
                              main.o (VL53L0X_GetRangeStatusString)
D:\Users\erics\Documents\TOF-CAN\firmware\ToF-CAN-Firmware\libs\Adafruit_VL53L0X\libVL530L0X.a(vl53l0x_api_calibration.o)
                              D:\Users\erics\Documents\TOF-CAN\firmware\ToF-CAN-Firmware\libs\Adafruit_VL53L0X\libVL530L0X.a(vl53l0x_api.o) (VL53L0X_perform_xtalk_calibration)
D:\Users\erics\Documents\TOF-CAN\firmware\ToF-CAN-Firmware\libs\Adafruit_VL53L0X\libVL530L0X.a(vl53l0x_api_core.o)
                              D:\Users\erics\Documents\TOF-CAN\firmware\ToF-CAN-Firmware\libs\Adafruit_VL53L0X\libVL530L0X.a(vl53l0x_api.o) (VL53L0X_measurement_poll_for_completion)
D:\Users\erics\Documents\TOF-CAN\firmware\ToF-CAN-Firmware\libs\Adafruit_VL53L0X\libVL530L0X.a(vl53l0x_api_strings.o)
                              D:\Users\erics\Documents\TOF-CAN\firmware\ToF-CAN-Firmware\libs\Adafruit_VL53L0X\libVL530L0X.a(vl53l0x_api.o) (VL53L0X_get_device_info)
D:\Users\erics\Documents\TOF-CAN\firmware\ToF-CAN-Firmware\libs\Adafruit_VL53L0X\libVL530L0X.a(vl53l0x_platform.o)
                              D:\Users\erics\Documents\TOF-CAN\firmware\ToF-CAN-Firmware\libs\Adafruit_VL53L0X\libVL530L0X.a(vl53l0x_api_calibration.o) (VL53L0X_WriteMulti)
D:\Users\erics\Documents\TOF-CAN\firmware\ToF-CAN-Firmware\libs\Adafruit_VL53L0X\libVL530L0X.a(vl53l0x_i2c_comms.o)
                              D:\Users\erics\Documents\TOF-CAN\firmware\ToF-CAN-Firmware\libs\Adafruit_VL53L0X\libVL530L0X.a(vl53l0x_platform.o) (_Z19VL53L0X_write_multihhPhm)
c:/program files (x86)/atmel/studio/7.0/toolchain/avr8/avr8-gnu-toolchain/bin/../lib/gcc/avr/5.4.0/avr5\libgcc.a(_udivmodhi4.o)
                              D:\Users\erics\Documents\TOF-CAN\firmware\ToF-CAN-Firmware\libs\Adafruit_VL53L0X\libVL530L0X.a(vl53l0x_api.o) (__udivmodhi4)
c:/program files (x86)/atmel/studio/7.0/toolchain/avr8/avr8-gnu-toolchain/bin/../lib/gcc/avr/5.4.0/avr5\libgcc.a(_udivmodsi4.o)
                              D:\Users\erics\Documents\TOF-CAN\firmware\ToF-CAN-Firmware\libs\Adafruit_VL53L0X\libVL530L0X.a(vl53l0x_api.o) (__udivmodsi4)
c:/program files (x86)/atmel/studio/7.0/toolchain/avr8/avr8-gnu-toolchain/bin/../lib/gcc/avr/5.4.0/avr5\libgcc.a(_divmodsi4.o)
                              main.o (__divmodsi4)
c:/program files (x86)/atmel/studio/7.0/toolchain/avr8/avr8-gnu-toolchain/bin/../lib/gcc/avr/5.4.0/avr5\libgcc.a(_negsi2.o)
                              c:/program files (x86)/atmel/studio/7.0/toolchain/avr8/avr8-gnu-toolchain/bin/../lib/gcc/avr/5.4.0/avr5\libgcc.a(_divmodsi4.o) (__negsi2)
c:/program files (x86)/atmel/studio/7.0/toolchain/avr8/avr8-gnu-toolchain/bin/../lib/gcc/avr/5.4.0/avr5\libgcc.a(_exit.o)
                              C:/Program Files (x86)/Atmel/Studio/7.0/Packs/atmel/ATmega_DFP/1.2.150/gcc/dev/atmega328pb/avr5/crtatmega328pb.o (exit)
c:/program files (x86)/atmel/studio/7.0/toolchain/avr8/avr8-gnu-toolchain/bin/../lib/gcc/avr/5.4.0/avr5\libgcc.a(_tablejump2.o)
                              D:\Users\erics\Documents\TOF-CAN\firmware\ToF-CAN-Firmware\libs\Adafruit_VL53L0X\libVL530L0X.a(vl53l0x_api_strings.o) (__tablejump2__)
c:/program files (x86)/atmel/studio/7.0/toolchain/avr8/avr8-gnu-toolchain/bin/../lib/gcc/avr/5.4.0/avr5\libgcc.a(_copy_data.o)
                              main.o (__do_copy_data)
c:/program files (x86)/atmel/studio/7.0/toolchain/avr8/avr8-gnu-toolchain/bin/../lib/gcc/avr/5.4.0/avr5\libgcc.a(_clear_bss.o)
                              main.o (__do_clear_bss)
c:/program files (x86)/atmel/studio/7.0/toolchain/avr8/avr8-gnu-toolchain/bin/../lib/gcc/avr/5.4.0/avr5\libgcc.a(_ctors.o)
                              main.o (__do_global_ctors)
c:/program files (x86)/atmel/studio/7.0/toolchain/avr8/avr8-gnu-toolchain/bin/../lib/gcc/avr/5.4.0/avr5\libgcc.a(_umulhisi3.o)
                              D:\Users\erics\Documents\TOF-CAN\firmware\ToF-CAN-Firmware\libs\Adafruit_VL53L0X\libVL530L0X.a(vl53l0x_api.o) (__umulhisi3)
c:/program files (x86)/atmel/studio/7.0/toolchain/avr8/avr8-gnu-toolchain/bin/../lib/gcc/avr/5.4.0/avr5\libgcc.a(_muluhisi3.o)
                              D:\Users\erics\Documents\TOF-CAN\firmware\ToF-CAN-Firmware\libs\Adafruit_VL53L0X\libVL530L0X.a(vl53l0x_api.o) (__muluhisi3)
c:/program files (x86)/atmel/studio/7.0/toolchain/avr8/avr8-gnu-toolchain/bin/../lib/gcc/avr/5.4.0/../../../../avr/lib/avr5\libc.a(strcpy.o)
                              D:\Users\erics\Documents\TOF-CAN\firmware\ToF-CAN-Firmware\libs\Adafruit_VL53L0X\libVL530L0X.a(vl53l0x_api_core.o) (strcpy)
c:/program files (x86)/atmel/studio/7.0/toolchain/avr8/avr8-gnu-toolchain/bin/../lib/gcc/avr/5.4.0/../../../../avr/lib/avr5\libc.a(itoa_ncheck.o)
                              main.o (__itoa_ncheck)
c:/program files (x86)/atmel/studio/7.0/toolchain/avr8/avr8-gnu-toolchain/bin/../lib/gcc/avr/5.4.0/../../../../avr/lib/avr5\libc.a(utoa_ncheck.o)
                              c:/program files (x86)/atmel/studio/7.0/toolchain/avr8/avr8-gnu-toolchain/bin/../lib/gcc/avr/5.4.0/../../../../avr/lib/avr5\libc.a(itoa_ncheck.o) (__utoa_common)
c:/program files (x86)/atmel/studio/7.0/toolchain/avr8/avr8-gnu-toolchain/bin/../lib/gcc/avr/5.4.0/../../../../avr/lib/avr5\libc.a(strrev.o)
                              c:/program files (x86)/atmel/studio/7.0/toolchain/avr8/avr8-gnu-toolchain/bin/../lib/gcc/avr/5.4.0/../../../../avr/lib/avr5\libc.a(utoa_ncheck.o) (strrev)

Discarded input sections

 .data          0x00000000        0x0 C:/Program Files (x86)/Atmel/Studio/7.0/Packs/atmel/ATmega_DFP/1.2.150/gcc/dev/atmega328pb/avr5/crtatmega328pb.o
 .bss           0x00000000        0x0 C:/Program Files (x86)/Atmel/Studio/7.0/Packs/atmel/ATmega_DFP/1.2.150/gcc/dev/atmega328pb/avr5/crtatmega328pb.o
 .text          0x00000000        0x0 main.o
 .data          0x00000000        0x0 main.o
 .bss           0x00000000        0x0 main.o
 .text._Z8i2c_initv
                0x00000000        0x8 main.o
 .text._Z13i2c_read_nackv
                0x00000000       0x14 main.o
 .text._Z12i2c_transmithPhj
                0x00000000       0x54 main.o
 .text._Z11i2c_receivehPhj
                0x00000000       0x6c main.o
 .text._Z12i2c_writeReghhPhj
                0x00000000       0x5c main.o
 .text._Z11i2c_readReghhPhj
                0x00000000       0x80 main.o
 .text._ZN16Adafruit_VL53L0X10setAddressEh
                0x00000000       0x4a main.o
 .text._ZN16Adafruit_VL53L0X16printRangeStatusEP32VL53L0X_RangingMeasurementData_t
                0x00000000       0x34 main.o
 .text._ZN16Adafruit_VL53L0X27getSingleRangingMeasurementEP32VL53L0X_RangingMeasurementData_tb
                0x00000000       0x74 main.o
 .text._Z12writeVL53L0Xhh
                0x00000000        0x2 main.o
 .text          0x00000000        0x0 D:\Users\erics\Documents\TOF-CAN\firmware\ToF-CAN-Firmware\libs\Adafruit_VL53L0X\libVL530L0X.a(vl53l0x_api.o)
 .data          0x00000000        0x0 D:\Users\erics\Documents\TOF-CAN\firmware\ToF-CAN-Firmware\libs\Adafruit_VL53L0X\libVL530L0X.a(vl53l0x_api.o)
 .bss           0x00000000        0x0 D:\Users\erics\Documents\TOF-CAN\firmware\ToF-CAN-Firmware\libs\Adafruit_VL53L0X\libVL530L0X.a(vl53l0x_api.o)
 .text.VL53L0X_GetVersion
                0x00000000       0x1e D:\Users\erics\Documents\TOF-CAN\firmware\ToF-CAN-Firmware\libs\Adafruit_VL53L0X\libVL530L0X.a(vl53l0x_api.o)
 .text.VL53L0X_GetPalSpecVersion
                0x00000000       0x22 D:\Users\erics\Documents\TOF-CAN\firmware\ToF-CAN-Firmware\libs\Adafruit_VL53L0X\libVL530L0X.a(vl53l0x_api.o)
 .text.VL53L0X_GetProductRevision
                0x00000000       0x42 D:\Users\erics\Documents\TOF-CAN\firmware\ToF-CAN-Firmware\libs\Adafruit_VL53L0X\libVL530L0X.a(vl53l0x_api.o)
 .text.VL53L0X_GetDeviceInfo
                0x00000000        0x4 D:\Users\erics\Documents\TOF-CAN\firmware\ToF-CAN-Firmware\libs\Adafruit_VL53L0X\libVL530L0X.a(vl53l0x_api.o)
 .text.VL53L0X_GetDeviceErrorStatus
                0x00000000       0x3c D:\Users\erics\Documents\TOF-CAN\firmware\ToF-CAN-Firmware\libs\Adafruit_VL53L0X\libVL530L0X.a(vl53l0x_api.o)
 .text.VL53L0X_GetDeviceErrorString
                0x00000000        0x4 D:\Users\erics\Documents\TOF-CAN\firmware\ToF-CAN-Firmware\libs\Adafruit_VL53L0X\libVL530L0X.a(vl53l0x_api.o)
 .text.VL53L0X_GetRangeStatusString
                0x00000000        0x4 D:\Users\erics\Documents\TOF-CAN\firmware\ToF-CAN-Firmware\libs\Adafruit_VL53L0X\libVL530L0X.a(vl53l0x_api.o)
 .text.VL53L0X_GetPalErrorString
                0x00000000        0x4 D:\Users\erics\Documents\TOF-CAN\firmware\ToF-CAN-Firmware\libs\Adafruit_VL53L0X\libVL530L0X.a(vl53l0x_api.o)
 .text.VL53L0X_GetPalStateString
                0x00000000        0x4 D:\Users\erics\Documents\TOF-CAN\firmware\ToF-CAN-Firmware\libs\Adafruit_VL53L0X\libVL530L0X.a(vl53l0x_api.o)
 .text.VL53L0X_GetPalState
                0x00000000       0x10 D:\Users\erics\Documents\TOF-CAN\firmware\ToF-CAN-Firmware\libs\Adafruit_VL53L0X\libVL530L0X.a(vl53l0x_api.o)
 .text.VL53L0X_GetPowerMode
                0x00000000       0x40 D:\Users\erics\Documents\TOF-CAN\firmware\ToF-CAN-Firmware\libs\Adafruit_VL53L0X\libVL530L0X.a(vl53l0x_api.o)
 .text.VL53L0X_SetOffsetCalibrationDataMicroMeter
                0x00000000        0x4 D:\Users\erics\Documents\TOF-CAN\firmware\ToF-CAN-Firmware\libs\Adafruit_VL53L0X\libVL530L0X.a(vl53l0x_api.o)
 .text.VL53L0X_GetOffsetCalibrationDataMicroMeter
                0x00000000        0x4 D:\Users\erics\Documents\TOF-CAN\firmware\ToF-CAN-Firmware\libs\Adafruit_VL53L0X\libVL530L0X.a(vl53l0x_api.o)
 .text.VL53L0X_SetLinearityCorrectiveGain
                0x00000000       0x2a D:\Users\erics\Documents\TOF-CAN\firmware\ToF-CAN-Firmware\libs\Adafruit_VL53L0X\libVL530L0X.a(vl53l0x_api.o)
 .text.VL53L0X_GetLinearityCorrectiveGain
                0x00000000       0x14 D:\Users\erics\Documents\TOF-CAN\firmware\ToF-CAN-Firmware\libs\Adafruit_VL53L0X\libVL530L0X.a(vl53l0x_api.o)
 .text.VL53L0X_SetGroupParamHold
                0x00000000        0x4 D:\Users\erics\Documents\TOF-CAN\firmware\ToF-CAN-Firmware\libs\Adafruit_VL53L0X\libVL530L0X.a(vl53l0x_api.o)
 .text.VL53L0X_GetUpperLimitMilliMeter
                0x00000000        0x4 D:\Users\erics\Documents\TOF-CAN\firmware\ToF-CAN-Firmware\libs\Adafruit_VL53L0X\libVL530L0X.a(vl53l0x_api.o)
 .text.VL53L0X_GetTotalSignalRate
                0x00000000       0x46 D:\Users\erics\Documents\TOF-CAN\firmware\ToF-CAN-Firmware\libs\Adafruit_VL53L0X\libVL530L0X.a(vl53l0x_api.o)
 .text.VL53L0X_SetDeviceAddress
                0x00000000        0xa D:\Users\erics\Documents\TOF-CAN\firmware\ToF-CAN-Firmware\libs\Adafruit_VL53L0X\libVL530L0X.a(vl53l0x_api.o)
 .text.VL53L0X_SetTuningSettingBuffer
                0x00000000       0x2c D:\Users\erics\Documents\TOF-CAN\firmware\ToF-CAN-Firmware\libs\Adafruit_VL53L0X\libVL530L0X.a(vl53l0x_api.o)
 .text.VL53L0X_GetTuningSettingBuffer
                0x00000000       0x20 D:\Users\erics\Documents\TOF-CAN\firmware\ToF-CAN-Firmware\libs\Adafruit_VL53L0X\libVL530L0X.a(vl53l0x_api.o)
 .text.VL53L0X_WaitDeviceBooted
                0x00000000        0x4 D:\Users\erics\Documents\TOF-CAN\firmware\ToF-CAN-Firmware\libs\Adafruit_VL53L0X\libVL530L0X.a(vl53l0x_api.o)
 .text.VL53L0X_ResetDevice
                0x00000000       0x6e D:\Users\erics\Documents\TOF-CAN\firmware\ToF-CAN-Firmware\libs\Adafruit_VL53L0X\libVL530L0X.a(vl53l0x_api.o)
 .text.VL53L0X_SetDeviceMode
                0x00000000       0x20 D:\Users\erics\Documents\TOF-CAN\firmware\ToF-CAN-Firmware\libs\Adafruit_VL53L0X\libVL530L0X.a(vl53l0x_api.o)
 .text.VL53L0X_GetDeviceMode
                0x00000000        0xc D:\Users\erics\Documents\TOF-CAN\firmware\ToF-CAN-Firmware\libs\Adafruit_VL53L0X\libVL530L0X.a(vl53l0x_api.o)
 .text.VL53L0X_SetRangeFractionEnable
                0x00000000       0x24 D:\Users\erics\Documents\TOF-CAN\firmware\ToF-CAN-Firmware\libs\Adafruit_VL53L0X\libVL530L0X.a(vl53l0x_api.o)
 .text.VL53L0X_SetHistogramMode
                0x00000000        0x4 D:\Users\erics\Documents\TOF-CAN\firmware\ToF-CAN-Firmware\libs\Adafruit_VL53L0X\libVL530L0X.a(vl53l0x_api.o)
 .text.VL53L0X_GetHistogramMode
                0x00000000        0x4 D:\Users\erics\Documents\TOF-CAN\firmware\ToF-CAN-Firmware\libs\Adafruit_VL53L0X\libVL530L0X.a(vl53l0x_api.o)
 .text.VL53L0X_GetMeasurementTimingBudgetMicroSeconds
                0x00000000        0x4 D:\Users\erics\Documents\TOF-CAN\firmware\ToF-CAN-Firmware\libs\Adafruit_VL53L0X\libVL530L0X.a(vl53l0x_api.o)
 .text.VL53L0X_SetVcselPulsePeriod
                0x00000000        0x4 D:\Users\erics\Documents\TOF-CAN\firmware\ToF-CAN-Firmware\libs\Adafruit_VL53L0X\libVL530L0X.a(vl53l0x_api.o)
 .text._Z21sequence_step_enabledP13VL53L0X_Dev_thhPh
                0x00000000       0x4a D:\Users\erics\Documents\TOF-CAN\firmware\ToF-CAN-Firmware\libs\Adafruit_VL53L0X\libVL530L0X.a(vl53l0x_api.o)
 .text.VL53L0X_GetSequenceStepEnable
                0x00000000       0x4a D:\Users\erics\Documents\TOF-CAN\firmware\ToF-CAN-Firmware\libs\Adafruit_VL53L0X\libVL530L0X.a(vl53l0x_api.o)
 .text.VL53L0X_GetNumberOfSequenceSteps
                0x00000000        0xa D:\Users\erics\Documents\TOF-CAN\firmware\ToF-CAN-Firmware\libs\Adafruit_VL53L0X\libVL530L0X.a(vl53l0x_api.o)
 .text.VL53L0X_GetSequenceStepsInfo
                0x00000000        0x4 D:\Users\erics\Documents\TOF-CAN\firmware\ToF-CAN-Firmware\libs\Adafruit_VL53L0X\libVL530L0X.a(vl53l0x_api.o)
 .text.VL53L0X_SetSequenceStepTimeout
                0x00000000       0xaa D:\Users\erics\Documents\TOF-CAN\firmware\ToF-CAN-Firmware\libs\Adafruit_VL53L0X\libVL530L0X.a(vl53l0x_api.o)
 .text.VL53L0X_SetInterMeasurementPeriodMilliSeconds
                0x00000000       0x70 D:\Users\erics\Documents\TOF-CAN\firmware\ToF-CAN-Firmware\libs\Adafruit_VL53L0X\libVL530L0X.a(vl53l0x_api.o)
 .text.VL53L0X_SetXTalkCompensationEnable
                0x00000000       0x5c D:\Users\erics\Documents\TOF-CAN\firmware\ToF-CAN-Firmware\libs\Adafruit_VL53L0X\libVL530L0X.a(vl53l0x_api.o)
 .text.VL53L0X_SetXTalkCompensationRateMegaCps
                0x00000000       0x72 D:\Users\erics\Documents\TOF-CAN\firmware\ToF-CAN-Firmware\libs\Adafruit_VL53L0X\libVL530L0X.a(vl53l0x_api.o)
 .text.VL53L0X_SetRefCalibration
                0x00000000        0x4 D:\Users\erics\Documents\TOF-CAN\firmware\ToF-CAN-Firmware\libs\Adafruit_VL53L0X\libVL530L0X.a(vl53l0x_api.o)
 .text.VL53L0X_GetRefCalibration
                0x00000000        0x4 D:\Users\erics\Documents\TOF-CAN\firmware\ToF-CAN-Firmware\libs\Adafruit_VL53L0X\libVL530L0X.a(vl53l0x_api.o)
 .text.VL53L0X_GetNumberOfLimitCheck
                0x00000000        0xe D:\Users\erics\Documents\TOF-CAN\firmware\ToF-CAN-Firmware\libs\Adafruit_VL53L0X\libVL530L0X.a(vl53l0x_api.o)
 .text.VL53L0X_GetLimitCheckInfo
                0x00000000        0x4 D:\Users\erics\Documents\TOF-CAN\firmware\ToF-CAN-Firmware\libs\Adafruit_VL53L0X\libVL530L0X.a(vl53l0x_api.o)
 .text.VL53L0X_GetLimitCheckStatus
                0x00000000       0x1a D:\Users\erics\Documents\TOF-CAN\firmware\ToF-CAN-Firmware\libs\Adafruit_VL53L0X\libVL530L0X.a(vl53l0x_api.o)
 .text.VL53L0X_GetLimitCheckCurrent
                0x00000000       0x5a D:\Users\erics\Documents\TOF-CAN\firmware\ToF-CAN-Firmware\libs\Adafruit_VL53L0X\libVL530L0X.a(vl53l0x_api.o)
 .text.VL53L0X_SetWrapAroundCheckEnable
                0x00000000       0x60 D:\Users\erics\Documents\TOF-CAN\firmware\ToF-CAN-Firmware\libs\Adafruit_VL53L0X\libVL530L0X.a(vl53l0x_api.o)
 .text.VL53L0X_SetDeviceParameters
                0x00000000       0xf4 D:\Users\erics\Documents\TOF-CAN\firmware\ToF-CAN-Firmware\libs\Adafruit_VL53L0X\libVL530L0X.a(vl53l0x_api.o)
 .text.VL53L0X_SetDmaxCalParameters
                0x00000000       0x72 D:\Users\erics\Documents\TOF-CAN\firmware\ToF-CAN-Firmware\libs\Adafruit_VL53L0X\libVL530L0X.a(vl53l0x_api.o)
 .text.VL53L0X_GetDmaxCalParameters
                0x00000000       0x2c D:\Users\erics\Documents\TOF-CAN\firmware\ToF-CAN-Firmware\libs\Adafruit_VL53L0X\libVL530L0X.a(vl53l0x_api.o)
 .text.VL53L0X_PerformSingleHistogramMeasurement
                0x00000000        0x4 D:\Users\erics\Documents\TOF-CAN\firmware\ToF-CAN-Firmware\libs\Adafruit_VL53L0X\libVL530L0X.a(vl53l0x_api.o)
 .text.VL53L0X_PerformXTalkMeasurement
                0x00000000        0x4 D:\Users\erics\Documents\TOF-CAN\firmware\ToF-CAN-Firmware\libs\Adafruit_VL53L0X\libVL530L0X.a(vl53l0x_api.o)
 .text.VL53L0X_PerformXTalkCalibration
                0x00000000        0x4 D:\Users\erics\Documents\TOF-CAN\firmware\ToF-CAN-Firmware\libs\Adafruit_VL53L0X\libVL530L0X.a(vl53l0x_api.o)
 .text.VL53L0X_PerformOffsetCalibration
                0x00000000        0x4 D:\Users\erics\Documents\TOF-CAN\firmware\ToF-CAN-Firmware\libs\Adafruit_VL53L0X\libVL530L0X.a(vl53l0x_api.o)
 .text.VL53L0X_WaitDeviceReadyForNewMeasurement
                0x00000000        0x4 D:\Users\erics\Documents\TOF-CAN\firmware\ToF-CAN-Firmware\libs\Adafruit_VL53L0X\libVL530L0X.a(vl53l0x_api.o)
 .text.VL53L0X_GetMeasurementRefSignal
                0x00000000       0x1c D:\Users\erics\Documents\TOF-CAN\firmware\ToF-CAN-Firmware\libs\Adafruit_VL53L0X\libVL530L0X.a(vl53l0x_api.o)
 .text.VL53L0X_GetHistogramMeasurementData
                0x00000000        0x4 D:\Users\erics\Documents\TOF-CAN\firmware\ToF-CAN-Firmware\libs\Adafruit_VL53L0X\libVL530L0X.a(vl53l0x_api.o)
 .text.VL53L0X_SetNumberOfROIZones
                0x00000000        0xc D:\Users\erics\Documents\TOF-CAN\firmware\ToF-CAN-Firmware\libs\Adafruit_VL53L0X\libVL530L0X.a(vl53l0x_api.o)
 .text.VL53L0X_GetNumberOfROIZones
                0x00000000        0xa D:\Users\erics\Documents\TOF-CAN\firmware\ToF-CAN-Firmware\libs\Adafruit_VL53L0X\libVL530L0X.a(vl53l0x_api.o)
 .text.VL53L0X_GetMaxNumberOfROIZones
                0x00000000        0xa D:\Users\erics\Documents\TOF-CAN\firmware\ToF-CAN-Firmware\libs\Adafruit_VL53L0X\libVL530L0X.a(vl53l0x_api.o)
 .text.VL53L0X_GetGpioConfig
                0x00000000       0xba D:\Users\erics\Documents\TOF-CAN\firmware\ToF-CAN-Firmware\libs\Adafruit_VL53L0X\libVL530L0X.a(vl53l0x_api.o)
 .text.VL53L0X_SetInterruptThresholds
                0x00000000       0x74 D:\Users\erics\Documents\TOF-CAN\firmware\ToF-CAN-Firmware\libs\Adafruit_VL53L0X\libVL530L0X.a(vl53l0x_api.o)
 .text.VL53L0X_StopMeasurement
                0x00000000       0x60 D:\Users\erics\Documents\TOF-CAN\firmware\ToF-CAN-Firmware\libs\Adafruit_VL53L0X\libVL530L0X.a(vl53l0x_api.o)
 .text.VL53L0X_GetStopCompletedStatus
                0x00000000       0xb4 D:\Users\erics\Documents\TOF-CAN\firmware\ToF-CAN-Firmware\libs\Adafruit_VL53L0X\libVL530L0X.a(vl53l0x_api.o)
 .text.VL53L0X_SetPowerMode
                0x00000000       0x5a D:\Users\erics\Documents\TOF-CAN\firmware\ToF-CAN-Firmware\libs\Adafruit_VL53L0X\libVL530L0X.a(vl53l0x_api.o)
 .text.VL53L0X_EnableInterruptMask
                0x00000000        0x4 D:\Users\erics\Documents\TOF-CAN\firmware\ToF-CAN-Firmware\libs\Adafruit_VL53L0X\libVL530L0X.a(vl53l0x_api.o)
 .text.VL53L0X_SetSpadAmbientDamperThreshold
                0x00000000       0x3c D:\Users\erics\Documents\TOF-CAN\firmware\ToF-CAN-Firmware\libs\Adafruit_VL53L0X\libVL530L0X.a(vl53l0x_api.o)
 .text.VL53L0X_GetSpadAmbientDamperThreshold
                0x00000000       0x3c D:\Users\erics\Documents\TOF-CAN\firmware\ToF-CAN-Firmware\libs\Adafruit_VL53L0X\libVL530L0X.a(vl53l0x_api.o)
 .text.VL53L0X_SetSpadAmbientDamperFactor
                0x00000000       0x38 D:\Users\erics\Documents\TOF-CAN\firmware\ToF-CAN-Firmware\libs\Adafruit_VL53L0X\libVL530L0X.a(vl53l0x_api.o)
 .text.VL53L0X_GetSpadAmbientDamperFactor
                0x00000000       0x5a D:\Users\erics\Documents\TOF-CAN\firmware\ToF-CAN-Firmware\libs\Adafruit_VL53L0X\libVL530L0X.a(vl53l0x_api.o)
 .text.VL53L0X_SetReferenceSpads
                0x00000000        0x4 D:\Users\erics\Documents\TOF-CAN\firmware\ToF-CAN-Firmware\libs\Adafruit_VL53L0X\libVL530L0X.a(vl53l0x_api.o)
 .text.VL53L0X_GetReferenceSpads
                0x00000000        0x4 D:\Users\erics\Documents\TOF-CAN\firmware\ToF-CAN-Firmware\libs\Adafruit_VL53L0X\libVL530L0X.a(vl53l0x_api.o)
 .text          0x00000000        0x0 D:\Users\erics\Documents\TOF-CAN\firmware\ToF-CAN-Firmware\libs\Adafruit_VL53L0X\libVL530L0X.a(vl53l0x_api_calibration.o)
 .data          0x00000000        0x0 D:\Users\erics\Documents\TOF-CAN\firmware\ToF-CAN-Firmware\libs\Adafruit_VL53L0X\libVL530L0X.a(vl53l0x_api_calibration.o)
 .bss           0x00000000        0x0 D:\Users\erics\Documents\TOF-CAN\firmware\ToF-CAN-Firmware\libs\Adafruit_VL53L0X\libVL530L0X.a(vl53l0x_api_calibration.o)
 .text.VL53L0X_perform_xtalk_calibration
                0x00000000       0xde D:\Users\erics\Documents\TOF-CAN\firmware\ToF-CAN-Firmware\libs\Adafruit_VL53L0X\libVL530L0X.a(vl53l0x_api_calibration.o)
 .text.VL53L0X_perform_offset_calibration
                0x00000000      0x14e D:\Users\erics\Documents\TOF-CAN\firmware\ToF-CAN-Firmware\libs\Adafruit_VL53L0X\libVL530L0X.a(vl53l0x_api_calibration.o)
 .text.VL53L0X_set_offset_calibration_data_micro_meter
                0x00000000       0x6c D:\Users\erics\Documents\TOF-CAN\firmware\ToF-CAN-Firmware\libs\Adafruit_VL53L0X\libVL530L0X.a(vl53l0x_api_calibration.o)
 .text.VL53L0X_apply_offset_adjustment
                0x00000000       0x88 D:\Users\erics\Documents\TOF-CAN\firmware\ToF-CAN-Firmware\libs\Adafruit_VL53L0X\libVL530L0X.a(vl53l0x_api_calibration.o)
 .text._Z19count_enabled_spadsPhmmPmS_
                0x00000000      0x194 D:\Users\erics\Documents\TOF-CAN\firmware\ToF-CAN-Firmware\libs\Adafruit_VL53L0X\libVL530L0X.a(vl53l0x_api_calibration.o)
 .text.VL53L0X_get_reference_spads
                0x00000000       0xfa D:\Users\erics\Documents\TOF-CAN\firmware\ToF-CAN-Firmware\libs\Adafruit_VL53L0X\libVL530L0X.a(vl53l0x_api_calibration.o)
 .text.VL53L0X_set_ref_calibration
                0x00000000       0x4c D:\Users\erics\Documents\TOF-CAN\firmware\ToF-CAN-Firmware\libs\Adafruit_VL53L0X\libVL530L0X.a(vl53l0x_api_calibration.o)
 .text.VL53L0X_get_ref_calibration
                0x00000000       0x30 D:\Users\erics\Documents\TOF-CAN\firmware\ToF-CAN-Firmware\libs\Adafruit_VL53L0X\libVL530L0X.a(vl53l0x_api_calibration.o)
 .text          0x00000000        0x0 D:\Users\erics\Documents\TOF-CAN\firmware\ToF-CAN-Firmware\libs\Adafruit_VL53L0X\libVL530L0X.a(vl53l0x_api_core.o)
 .data          0x00000000        0x0 D:\Users\erics\Documents\TOF-CAN\firmware\ToF-CAN-Firmware\libs\Adafruit_VL53L0X\libVL530L0X.a(vl53l0x_api_core.o)
 .bss           0x00000000        0x0 D:\Users\erics\Documents\TOF-CAN\firmware\ToF-CAN-Firmware\libs\Adafruit_VL53L0X\libVL530L0X.a(vl53l0x_api_core.o)
 .text.VL53L0X_reverse_bytes
                0x00000000       0x5a D:\Users\erics\Documents\TOF-CAN\firmware\ToF-CAN-Firmware\libs\Adafruit_VL53L0X\libVL530L0X.a(vl53l0x_api_core.o)
 .text.VL53L0X_decode_vcsel_period
                0x00000000        0x6 D:\Users\erics\Documents\TOF-CAN\firmware\ToF-CAN-Firmware\libs\Adafruit_VL53L0X\libVL530L0X.a(vl53l0x_api_core.o)
 .text.VL53L0X_encode_vcsel_period
                0x00000000        0x6 D:\Users\erics\Documents\TOF-CAN\firmware\ToF-CAN-Firmware\libs\Adafruit_VL53L0X\libVL530L0X.a(vl53l0x_api_core.o)
 .text.VL53L0X_isqrt
                0x00000000        0x8 D:\Users\erics\Documents\TOF-CAN\firmware\ToF-CAN-Firmware\libs\Adafruit_VL53L0X\libVL530L0X.a(vl53l0x_api_core.o)
 .text.VL53L0X_quadrature_sum
                0x00000000       0x26 D:\Users\erics\Documents\TOF-CAN\firmware\ToF-CAN-Firmware\libs\Adafruit_VL53L0X\libVL530L0X.a(vl53l0x_api_core.o)
 .text._Z28VL53L0X_calc_macro_period_psP13VL53L0X_Dev_th
                0x00000000       0x12 D:\Users\erics\Documents\TOF-CAN\firmware\ToF-CAN-Firmware\libs\Adafruit_VL53L0X\libVL530L0X.a(vl53l0x_api_core.o)
 .text.VL53L0X_decode_timeout
                0x00000000       0x28 D:\Users\erics\Documents\TOF-CAN\firmware\ToF-CAN-Firmware\libs\Adafruit_VL53L0X\libVL530L0X.a(vl53l0x_api_core.o)
 .text.VL53L0X_set_vcsel_pulse_period
                0x00000000      0x26a D:\Users\erics\Documents\TOF-CAN\firmware\ToF-CAN-Firmware\libs\Adafruit_VL53L0X\libVL530L0X.a(vl53l0x_api_core.o)
 .text._Z17VL53L0X_calc_dmaxP13VL53L0X_Dev_tmmmmmmPm
                0x00000000       0x1c D:\Users\erics\Documents\TOF-CAN\firmware\ToF-CAN-Firmware\libs\Adafruit_VL53L0X\libVL530L0X.a(vl53l0x_api_core.o)
 .text          0x00000000        0x0 D:\Users\erics\Documents\TOF-CAN\firmware\ToF-CAN-Firmware\libs\Adafruit_VL53L0X\libVL530L0X.a(vl53l0x_api_strings.o)
 .data          0x00000000        0x0 D:\Users\erics\Documents\TOF-CAN\firmware\ToF-CAN-Firmware\libs\Adafruit_VL53L0X\libVL530L0X.a(vl53l0x_api_strings.o)
 .bss           0x00000000        0x0 D:\Users\erics\Documents\TOF-CAN\firmware\ToF-CAN-Firmware\libs\Adafruit_VL53L0X\libVL530L0X.a(vl53l0x_api_strings.o)
 .rodata.str1.1
                0x00000000      0x453 D:\Users\erics\Documents\TOF-CAN\firmware\ToF-CAN-Firmware\libs\Adafruit_VL53L0X\libVL530L0X.a(vl53l0x_api_strings.o)
 .text._Z23VL53L0X_check_part_usedP13VL53L0X_Dev_tPhP20VL53L0X_DeviceInfo_t
                0x00000000       0x64 D:\Users\erics\Documents\TOF-CAN\firmware\ToF-CAN-Firmware\libs\Adafruit_VL53L0X\libVL530L0X.a(vl53l0x_api_strings.o)
 .text.VL53L0X_get_device_info
                0x00000000       0xa6 D:\Users\erics\Documents\TOF-CAN\firmware\ToF-CAN-Firmware\libs\Adafruit_VL53L0X\libVL530L0X.a(vl53l0x_api_strings.o)
 .text.VL53L0X_get_device_error_string
                0x00000000       0x7e D:\Users\erics\Documents\TOF-CAN\firmware\ToF-CAN-Firmware\libs\Adafruit_VL53L0X\libVL530L0X.a(vl53l0x_api_strings.o)
 .progmem.gcc_sw_table.VL53L0X_get_device_error_string
                0x00000000       0x1e D:\Users\erics\Documents\TOF-CAN\firmware\ToF-CAN-Firmware\libs\Adafruit_VL53L0X\libVL530L0X.a(vl53l0x_api_strings.o)
 .text.VL53L0X_get_range_status_string
                0x00000000       0x4c D:\Users\erics\Documents\TOF-CAN\firmware\ToF-CAN-Firmware\libs\Adafruit_VL53L0X\libVL530L0X.a(vl53l0x_api_strings.o)
 .text.VL53L0X_get_pal_error_string
                0x00000000       0xd6 D:\Users\erics\Documents\TOF-CAN\firmware\ToF-CAN-Firmware\libs\Adafruit_VL53L0X\libVL530L0X.a(vl53l0x_api_strings.o)
 .text.VL53L0X_get_pal_state_string
                0x00000000       0x4c D:\Users\erics\Documents\TOF-CAN\firmware\ToF-CAN-Firmware\libs\Adafruit_VL53L0X\libVL530L0X.a(vl53l0x_api_strings.o)
 .text.VL53L0X_get_sequence_steps_info
                0x00000000       0x42 D:\Users\erics\Documents\TOF-CAN\firmware\ToF-CAN-Firmware\libs\Adafruit_VL53L0X\libVL530L0X.a(vl53l0x_api_strings.o)
 .text.VL53L0X_get_limit_check_info
                0x00000000       0x54 D:\Users\erics\Documents\TOF-CAN\firmware\ToF-CAN-Firmware\libs\Adafruit_VL53L0X\libVL530L0X.a(vl53l0x_api_strings.o)
 .comment       0x00000000       0x31 D:\Users\erics\Documents\TOF-CAN\firmware\ToF-CAN-Firmware\libs\Adafruit_VL53L0X\libVL530L0X.a(vl53l0x_api_strings.o)
 .text          0x00000000        0x0 D:\Users\erics\Documents\TOF-CAN\firmware\ToF-CAN-Firmware\libs\Adafruit_VL53L0X\libVL530L0X.a(vl53l0x_platform.o)
 .data          0x00000000        0x0 D:\Users\erics\Documents\TOF-CAN\firmware\ToF-CAN-Firmware\libs\Adafruit_VL53L0X\libVL530L0X.a(vl53l0x_platform.o)
 .bss           0x00000000        0x0 D:\Users\erics\Documents\TOF-CAN\firmware\ToF-CAN-Firmware\libs\Adafruit_VL53L0X\libVL530L0X.a(vl53l0x_platform.o)
 .text.VL53L0X_LockSequenceAccess
                0x00000000        0x4 D:\Users\erics\Documents\TOF-CAN\firmware\ToF-CAN-Firmware\libs\Adafruit_VL53L0X\libVL530L0X.a(vl53l0x_platform.o)
 .text.VL53L0X_UnlockSequenceAccess
                0x00000000        0x4 D:\Users\erics\Documents\TOF-CAN\firmware\ToF-CAN-Firmware\libs\Adafruit_VL53L0X\libVL530L0X.a(vl53l0x_platform.o)
 .text.VL53L0X_WrDWord
                0x00000000       0x18 D:\Users\erics\Documents\TOF-CAN\firmware\ToF-CAN-Firmware\libs\Adafruit_VL53L0X\libVL530L0X.a(vl53l0x_platform.o)
 .text          0x00000000        0x0 D:\Users\erics\Documents\TOF-CAN\firmware\ToF-CAN-Firmware\libs\Adafruit_VL53L0X\libVL530L0X.a(vl53l0x_i2c_comms.o)
 .data          0x00000000        0x0 D:\Users\erics\Documents\TOF-CAN\firmware\ToF-CAN-Firmware\libs\Adafruit_VL53L0X\libVL530L0X.a(vl53l0x_i2c_comms.o)
 .bss           0x00000000        0x0 D:\Users\erics\Documents\TOF-CAN\firmware\ToF-CAN-Firmware\libs\Adafruit_VL53L0X\libVL530L0X.a(vl53l0x_i2c_comms.o)
 .text._Z16VL53L0X_i2c_initv
                0x00000000        0x6 D:\Users\erics\Documents\TOF-CAN\firmware\ToF-CAN-Firmware\libs\Adafruit_VL53L0X\libVL530L0X.a(vl53l0x_i2c_comms.o)
 .text._Z19VL53L0X_write_dwordhhm
                0x00000000       0x3c D:\Users\erics\Documents\TOF-CAN\firmware\ToF-CAN-Firmware\libs\Adafruit_VL53L0X\libVL530L0X.a(vl53l0x_i2c_comms.o)
 .text          0x00000000        0x0 c:/program files (x86)/atmel/studio/7.0/toolchain/avr8/avr8-gnu-toolchain/bin/../lib/gcc/avr/5.4.0/avr5\libgcc.a(_udivmodhi4.o)
 .data          0x00000000        0x0 c:/program files (x86)/atmel/studio/7.0/toolchain/avr8/avr8-gnu-toolchain/bin/../lib/gcc/avr/5.4.0/avr5\libgcc.a(_udivmodhi4.o)
 .bss           0x00000000        0x0 c:/program files (x86)/atmel/studio/7.0/toolchain/avr8/avr8-gnu-toolchain/bin/../lib/gcc/avr/5.4.0/avr5\libgcc.a(_udivmodhi4.o)
 .text.libgcc.mul
                0x00000000        0x0 c:/program files (x86)/atmel/studio/7.0/toolchain/avr8/avr8-gnu-toolchain/bin/../lib/gcc/avr/5.4.0/avr5\libgcc.a(_udivmodhi4.o)
 .text.libgcc   0x00000000        0x0 c:/program files (x86)/atmel/studio/7.0/toolchain/avr8/avr8-gnu-toolchain/bin/../lib/gcc/avr/5.4.0/avr5\libgcc.a(_udivmodhi4.o)
 .text.libgcc.prologue
                0x00000000        0x0 c:/program files (x86)/atmel/studio/7.0/toolchain/avr8/avr8-gnu-toolchain/bin/../lib/gcc/avr/5.4.0/avr5\libgcc.a(_udivmodhi4.o)
 .text.libgcc.builtins
                0x00000000        0x0 c:/program files (x86)/atmel/studio/7.0/toolchain/avr8/avr8-gnu-toolchain/bin/../lib/gcc/avr/5.4.0/avr5\libgcc.a(_udivmodhi4.o)
 .text.libgcc.fmul
                0x00000000        0x0 c:/program files (x86)/atmel/studio/7.0/toolchain/avr8/avr8-gnu-toolchain/bin/../lib/gcc/avr/5.4.0/avr5\libgcc.a(_udivmodhi4.o)
 .text.libgcc.fixed
                0x00000000        0x0 c:/program files (x86)/atmel/studio/7.0/toolchain/avr8/avr8-gnu-toolchain/bin/../lib/gcc/avr/5.4.0/avr5\libgcc.a(_udivmodhi4.o)
 .text          0x00000000        0x0 c:/program files (x86)/atmel/studio/7.0/toolchain/avr8/avr8-gnu-toolchain/bin/../lib/gcc/avr/5.4.0/avr5\libgcc.a(_udivmodsi4.o)
 .data          0x00000000        0x0 c:/program files (x86)/atmel/studio/7.0/toolchain/avr8/avr8-gnu-toolchain/bin/../lib/gcc/avr/5.4.0/avr5\libgcc.a(_udivmodsi4.o)
 .bss           0x00000000        0x0 c:/program files (x86)/atmel/studio/7.0/toolchain/avr8/avr8-gnu-toolchain/bin/../lib/gcc/avr/5.4.0/avr5\libgcc.a(_udivmodsi4.o)
 .text.libgcc.mul
                0x00000000        0x0 c:/program files (x86)/atmel/studio/7.0/toolchain/avr8/avr8-gnu-toolchain/bin/../lib/gcc/avr/5.4.0/avr5\libgcc.a(_udivmodsi4.o)
 .text.libgcc   0x00000000        0x0 c:/program files (x86)/atmel/studio/7.0/toolchain/avr8/avr8-gnu-toolchain/bin/../lib/gcc/avr/5.4.0/avr5\libgcc.a(_udivmodsi4.o)
 .text.libgcc.prologue
                0x00000000        0x0 c:/program files (x86)/atmel/studio/7.0/toolchain/avr8/avr8-gnu-toolchain/bin/../lib/gcc/avr/5.4.0/avr5\libgcc.a(_udivmodsi4.o)
 .text.libgcc.builtins
                0x00000000        0x0 c:/program files (x86)/atmel/studio/7.0/toolchain/avr8/avr8-gnu-toolchain/bin/../lib/gcc/avr/5.4.0/avr5\libgcc.a(_udivmodsi4.o)
 .text.libgcc.fmul
                0x00000000        0x0 c:/program files (x86)/atmel/studio/7.0/toolchain/avr8/avr8-gnu-toolchain/bin/../lib/gcc/avr/5.4.0/avr5\libgcc.a(_udivmodsi4.o)
 .text.libgcc.fixed
                0x00000000        0x0 c:/program files (x86)/atmel/studio/7.0/toolchain/avr8/avr8-gnu-toolchain/bin/../lib/gcc/avr/5.4.0/avr5\libgcc.a(_udivmodsi4.o)
 .text          0x00000000        0x0 c:/program files (x86)/atmel/studio/7.0/toolchain/avr8/avr8-gnu-toolchain/bin/../lib/gcc/avr/5.4.0/avr5\libgcc.a(_divmodsi4.o)
 .data          0x00000000        0x0 c:/program files (x86)/atmel/studio/7.0/toolchain/avr8/avr8-gnu-toolchain/bin/../lib/gcc/avr/5.4.0/avr5\libgcc.a(_divmodsi4.o)
 .bss           0x00000000        0x0 c:/program files (x86)/atmel/studio/7.0/toolchain/avr8/avr8-gnu-toolchain/bin/../lib/gcc/avr/5.4.0/avr5\libgcc.a(_divmodsi4.o)
 .text.libgcc.mul
                0x00000000        0x0 c:/program files (x86)/atmel/studio/7.0/toolchain/avr8/avr8-gnu-toolchain/bin/../lib/gcc/avr/5.4.0/avr5\libgcc.a(_divmodsi4.o)
 .text.libgcc   0x00000000        0x0 c:/program files (x86)/atmel/studio/7.0/toolchain/avr8/avr8-gnu-toolchain/bin/../lib/gcc/avr/5.4.0/avr5\libgcc.a(_divmodsi4.o)
 .text.libgcc.prologue
                0x00000000        0x0 c:/program files (x86)/atmel/studio/7.0/toolchain/avr8/avr8-gnu-toolchain/bin/../lib/gcc/avr/5.4.0/avr5\libgcc.a(_divmodsi4.o)
 .text.libgcc.builtins
                0x00000000        0x0 c:/program files (x86)/atmel/studio/7.0/toolchain/avr8/avr8-gnu-toolchain/bin/../lib/gcc/avr/5.4.0/avr5\libgcc.a(_divmodsi4.o)
 .text.libgcc.fmul
                0x00000000        0x0 c:/program files (x86)/atmel/studio/7.0/toolchain/avr8/avr8-gnu-toolchain/bin/../lib/gcc/avr/5.4.0/avr5\libgcc.a(_divmodsi4.o)
 .text.libgcc.fixed
                0x00000000        0x0 c:/program files (x86)/atmel/studio/7.0/toolchain/avr8/avr8-gnu-toolchain/bin/../lib/gcc/avr/5.4.0/avr5\libgcc.a(_divmodsi4.o)
 .text          0x00000000        0x0 c:/program files (x86)/atmel/studio/7.0/toolchain/avr8/avr8-gnu-toolchain/bin/../lib/gcc/avr/5.4.0/avr5\libgcc.a(_negsi2.o)
 .data          0x00000000        0x0 c:/program files (x86)/atmel/studio/7.0/toolchain/avr8/avr8-gnu-toolchain/bin/../lib/gcc/avr/5.4.0/avr5\libgcc.a(_negsi2.o)
 .bss           0x00000000        0x0 c:/program files (x86)/atmel/studio/7.0/toolchain/avr8/avr8-gnu-toolchain/bin/../lib/gcc/avr/5.4.0/avr5\libgcc.a(_negsi2.o)
 .text.libgcc.mul
                0x00000000        0x0 c:/program files (x86)/atmel/studio/7.0/toolchain/avr8/avr8-gnu-toolchain/bin/../lib/gcc/avr/5.4.0/avr5\libgcc.a(_negsi2.o)
 .text.libgcc   0x00000000        0x0 c:/program files (x86)/atmel/studio/7.0/toolchain/avr8/avr8-gnu-toolchain/bin/../lib/gcc/avr/5.4.0/avr5\libgcc.a(_negsi2.o)
 .text.libgcc.prologue
                0x00000000        0x0 c:/program files (x86)/atmel/studio/7.0/toolchain/avr8/avr8-gnu-toolchain/bin/../lib/gcc/avr/5.4.0/avr5\libgcc.a(_negsi2.o)
 .text.libgcc.builtins
                0x00000000        0x0 c:/program files (x86)/atmel/studio/7.0/toolchain/avr8/avr8-gnu-toolchain/bin/../lib/gcc/avr/5.4.0/avr5\libgcc.a(_negsi2.o)
 .text.libgcc.fmul
                0x00000000        0x0 c:/program files (x86)/atmel/studio/7.0/toolchain/avr8/avr8-gnu-toolchain/bin/../lib/gcc/avr/5.4.0/avr5\libgcc.a(_negsi2.o)
 .text.libgcc.fixed
                0x00000000        0x0 c:/program files (x86)/atmel/studio/7.0/toolchain/avr8/avr8-gnu-toolchain/bin/../lib/gcc/avr/5.4.0/avr5\libgcc.a(_negsi2.o)
 .text          0x00000000        0x0 c:/program files (x86)/atmel/studio/7.0/toolchain/avr8/avr8-gnu-toolchain/bin/../lib/gcc/avr/5.4.0/avr5\libgcc.a(_exit.o)
 .data          0x00000000        0x0 c:/program files (x86)/atmel/studio/7.0/toolchain/avr8/avr8-gnu-toolchain/bin/../lib/gcc/avr/5.4.0/avr5\libgcc.a(_exit.o)
 .bss           0x00000000        0x0 c:/program files (x86)/atmel/studio/7.0/toolchain/avr8/avr8-gnu-toolchain/bin/../lib/gcc/avr/5.4.0/avr5\libgcc.a(_exit.o)
 .text.libgcc.mul
                0x00000000        0x0 c:/program files (x86)/atmel/studio/7.0/toolchain/avr8/avr8-gnu-toolchain/bin/../lib/gcc/avr/5.4.0/avr5\libgcc.a(_exit.o)
 .text.libgcc.div
                0x00000000        0x0 c:/program files (x86)/atmel/studio/7.0/toolchain/avr8/avr8-gnu-toolchain/bin/../lib/gcc/avr/5.4.0/avr5\libgcc.a(_exit.o)
 .text.libgcc   0x00000000        0x0 c:/program files (x86)/atmel/studio/7.0/toolchain/avr8/avr8-gnu-toolchain/bin/../lib/gcc/avr/5.4.0/avr5\libgcc.a(_exit.o)
 .text.libgcc.prologue
                0x00000000        0x0 c:/program files (x86)/atmel/studio/7.0/toolchain/avr8/avr8-gnu-toolchain/bin/../lib/gcc/avr/5.4.0/avr5\libgcc.a(_exit.o)
 .text.libgcc.builtins
                0x00000000        0x0 c:/program files (x86)/atmel/studio/7.0/toolchain/avr8/avr8-gnu-toolchain/bin/../lib/gcc/avr/5.4.0/avr5\libgcc.a(_exit.o)
 .text.libgcc.fmul
                0x00000000        0x0 c:/program files (x86)/atmel/studio/7.0/toolchain/avr8/avr8-gnu-toolchain/bin/../lib/gcc/avr/5.4.0/avr5\libgcc.a(_exit.o)
 .text.libgcc.fixed
                0x00000000        0x0 c:/program files (x86)/atmel/studio/7.0/toolchain/avr8/avr8-gnu-toolchain/bin/../lib/gcc/avr/5.4.0/avr5\libgcc.a(_exit.o)
 .text          0x00000000        0x0 c:/program files (x86)/atmel/studio/7.0/toolchain/avr8/avr8-gnu-toolchain/bin/../lib/gcc/avr/5.4.0/avr5\libgcc.a(_tablejump2.o)
 .data          0x00000000        0x0 c:/program files (x86)/atmel/studio/7.0/toolchain/avr8/avr8-gnu-toolchain/bin/../lib/gcc/avr/5.4.0/avr5\libgcc.a(_tablejump2.o)
 .bss           0x00000000        0x0 c:/program files (x86)/atmel/studio/7.0/toolchain/avr8/avr8-gnu-toolchain/bin/../lib/gcc/avr/5.4.0/avr5\libgcc.a(_tablejump2.o)
 .text.libgcc.mul
                0x00000000        0x0 c:/program files (x86)/atmel/studio/7.0/toolchain/avr8/avr8-gnu-toolchain/bin/../lib/gcc/avr/5.4.0/avr5\libgcc.a(_tablejump2.o)
 .text.libgcc.div
                0x00000000        0x0 c:/program files (x86)/atmel/studio/7.0/toolchain/avr8/avr8-gnu-toolchain/bin/../lib/gcc/avr/5.4.0/avr5\libgcc.a(_tablejump2.o)
 .text.libgcc.prologue
                0x00000000        0x0 c:/program files (x86)/atmel/studio/7.0/toolchain/avr8/avr8-gnu-toolchain/bin/../lib/gcc/avr/5.4.0/avr5\libgcc.a(_tablejump2.o)
 .text.libgcc.builtins
                0x00000000        0x0 c:/program files (x86)/atmel/studio/7.0/toolchain/avr8/avr8-gnu-toolchain/bin/../lib/gcc/avr/5.4.0/avr5\libgcc.a(_tablejump2.o)
 .text.libgcc.fmul
                0x00000000        0x0 c:/program files (x86)/atmel/studio/7.0/toolchain/avr8/avr8-gnu-toolchain/bin/../lib/gcc/avr/5.4.0/avr5\libgcc.a(_tablejump2.o)
 .text.libgcc.fixed
                0x00000000        0x0 c:/program files (x86)/atmel/studio/7.0/toolchain/avr8/avr8-gnu-toolchain/bin/../lib/gcc/avr/5.4.0/avr5\libgcc.a(_tablejump2.o)
 .text          0x00000000        0x0 c:/program files (x86)/atmel/studio/7.0/toolchain/avr8/avr8-gnu-toolchain/bin/../lib/gcc/avr/5.4.0/avr5\libgcc.a(_copy_data.o)
 .data          0x00000000        0x0 c:/program files (x86)/atmel/studio/7.0/toolchain/avr8/avr8-gnu-toolchain/bin/../lib/gcc/avr/5.4.0/avr5\libgcc.a(_copy_data.o)
 .bss           0x00000000        0x0 c:/program files (x86)/atmel/studio/7.0/toolchain/avr8/avr8-gnu-toolchain/bin/../lib/gcc/avr/5.4.0/avr5\libgcc.a(_copy_data.o)
 .text.libgcc.mul
                0x00000000        0x0 c:/program files (x86)/atmel/studio/7.0/toolchain/avr8/avr8-gnu-toolchain/bin/../lib/gcc/avr/5.4.0/avr5\libgcc.a(_copy_data.o)
 .text.libgcc.div
                0x00000000        0x0 c:/program files (x86)/atmel/studio/7.0/toolchain/avr8/avr8-gnu-toolchain/bin/../lib/gcc/avr/5.4.0/avr5\libgcc.a(_copy_data.o)
 .text.libgcc   0x00000000        0x0 c:/program files (x86)/atmel/studio/7.0/toolchain/avr8/avr8-gnu-toolchain/bin/../lib/gcc/avr/5.4.0/avr5\libgcc.a(_copy_data.o)
 .text.libgcc.prologue
                0x00000000        0x0 c:/program files (x86)/atmel/studio/7.0/toolchain/avr8/avr8-gnu-toolchain/bin/../lib/gcc/avr/5.4.0/avr5\libgcc.a(_copy_data.o)
 .text.libgcc.builtins
                0x00000000        0x0 c:/program files (x86)/atmel/studio/7.0/toolchain/avr8/avr8-gnu-toolchain/bin/../lib/gcc/avr/5.4.0/avr5\libgcc.a(_copy_data.o)
 .text.libgcc.fmul
                0x00000000        0x0 c:/program files (x86)/atmel/studio/7.0/toolchain/avr8/avr8-gnu-toolchain/bin/../lib/gcc/avr/5.4.0/avr5\libgcc.a(_copy_data.o)
 .text.libgcc.fixed
                0x00000000        0x0 c:/program files (x86)/atmel/studio/7.0/toolchain/avr8/avr8-gnu-toolchain/bin/../lib/gcc/avr/5.4.0/avr5\libgcc.a(_copy_data.o)
 .text          0x00000000        0x0 c:/program files (x86)/atmel/studio/7.0/toolchain/avr8/avr8-gnu-toolchain/bin/../lib/gcc/avr/5.4.0/avr5\libgcc.a(_clear_bss.o)
 .data          0x00000000        0x0 c:/program files (x86)/atmel/studio/7.0/toolchain/avr8/avr8-gnu-toolchain/bin/../lib/gcc/avr/5.4.0/avr5\libgcc.a(_clear_bss.o)
 .bss           0x00000000        0x0 c:/program files (x86)/atmel/studio/7.0/toolchain/avr8/avr8-gnu-toolchain/bin/../lib/gcc/avr/5.4.0/avr5\libgcc.a(_clear_bss.o)
 .text.libgcc.mul
                0x00000000        0x0 c:/program files (x86)/atmel/studio/7.0/toolchain/avr8/avr8-gnu-toolchain/bin/../lib/gcc/avr/5.4.0/avr5\libgcc.a(_clear_bss.o)
 .text.libgcc.div
                0x00000000        0x0 c:/program files (x86)/atmel/studio/7.0/toolchain/avr8/avr8-gnu-toolchain/bin/../lib/gcc/avr/5.4.0/avr5\libgcc.a(_clear_bss.o)
 .text.libgcc   0x00000000        0x0 c:/program files (x86)/atmel/studio/7.0/toolchain/avr8/avr8-gnu-toolchain/bin/../lib/gcc/avr/5.4.0/avr5\libgcc.a(_clear_bss.o)
 .text.libgcc.prologue
                0x00000000        0x0 c:/program files (x86)/atmel/studio/7.0/toolchain/avr8/avr8-gnu-toolchain/bin/../lib/gcc/avr/5.4.0/avr5\libgcc.a(_clear_bss.o)
 .text.libgcc.builtins
                0x00000000        0x0 c:/program files (x86)/atmel/studio/7.0/toolchain/avr8/avr8-gnu-toolchain/bin/../lib/gcc/avr/5.4.0/avr5\libgcc.a(_clear_bss.o)
 .text.libgcc.fmul
                0x00000000        0x0 c:/program files (x86)/atmel/studio/7.0/toolchain/avr8/avr8-gnu-toolchain/bin/../lib/gcc/avr/5.4.0/avr5\libgcc.a(_clear_bss.o)
 .text.libgcc.fixed
                0x00000000        0x0 c:/program files (x86)/atmel/studio/7.0/toolchain/avr8/avr8-gnu-toolchain/bin/../lib/gcc/avr/5.4.0/avr5\libgcc.a(_clear_bss.o)
 .text          0x00000000        0x0 c:/program files (x86)/atmel/studio/7.0/toolchain/avr8/avr8-gnu-toolchain/bin/../lib/gcc/avr/5.4.0/avr5\libgcc.a(_ctors.o)
 .data          0x00000000        0x0 c:/program files (x86)/atmel/studio/7.0/toolchain/avr8/avr8-gnu-toolchain/bin/../lib/gcc/avr/5.4.0/avr5\libgcc.a(_ctors.o)
 .bss           0x00000000        0x0 c:/program files (x86)/atmel/studio/7.0/toolchain/avr8/avr8-gnu-toolchain/bin/../lib/gcc/avr/5.4.0/avr5\libgcc.a(_ctors.o)
 .text.libgcc.mul
                0x00000000        0x0 c:/program files (x86)/atmel/studio/7.0/toolchain/avr8/avr8-gnu-toolchain/bin/../lib/gcc/avr/5.4.0/avr5\libgcc.a(_ctors.o)
 .text.libgcc.div
                0x00000000        0x0 c:/program files (x86)/atmel/studio/7.0/toolchain/avr8/avr8-gnu-toolchain/bin/../lib/gcc/avr/5.4.0/avr5\libgcc.a(_ctors.o)
 .text.libgcc   0x00000000        0x0 c:/program files (x86)/atmel/studio/7.0/toolchain/avr8/avr8-gnu-toolchain/bin/../lib/gcc/avr/5.4.0/avr5\libgcc.a(_ctors.o)
 .text.libgcc.prologue
                0x00000000        0x0 c:/program files (x86)/atmel/studio/7.0/toolchain/avr8/avr8-gnu-toolchain/bin/../lib/gcc/avr/5.4.0/avr5\libgcc.a(_ctors.o)
 .text.libgcc.builtins
                0x00000000        0x0 c:/program files (x86)/atmel/studio/7.0/toolchain/avr8/avr8-gnu-toolchain/bin/../lib/gcc/avr/5.4.0/avr5\libgcc.a(_ctors.o)
 .text.libgcc.fmul
                0x00000000        0x0 c:/program files (x86)/atmel/studio/7.0/toolchain/avr8/avr8-gnu-toolchain/bin/../lib/gcc/avr/5.4.0/avr5\libgcc.a(_ctors.o)
 .text.libgcc.fixed
                0x00000000        0x0 c:/program files (x86)/atmel/studio/7.0/toolchain/avr8/avr8-gnu-toolchain/bin/../lib/gcc/avr/5.4.0/avr5\libgcc.a(_ctors.o)
 .text          0x00000000        0x0 c:/program files (x86)/atmel/studio/7.0/toolchain/avr8/avr8-gnu-toolchain/bin/../lib/gcc/avr/5.4.0/avr5\libgcc.a(_umulhisi3.o)
 .data          0x00000000        0x0 c:/program files (x86)/atmel/studio/7.0/toolchain/avr8/avr8-gnu-toolchain/bin/../lib/gcc/avr/5.4.0/avr5\libgcc.a(_umulhisi3.o)
 .bss           0x00000000        0x0 c:/program files (x86)/atmel/studio/7.0/toolchain/avr8/avr8-gnu-toolchain/bin/../lib/gcc/avr/5.4.0/avr5\libgcc.a(_umulhisi3.o)
 .text.libgcc.div
                0x00000000        0x0 c:/program files (x86)/atmel/studio/7.0/toolchain/avr8/avr8-gnu-toolchain/bin/../lib/gcc/avr/5.4.0/avr5\libgcc.a(_umulhisi3.o)
 .text.libgcc   0x00000000        0x0 c:/program files (x86)/atmel/studio/7.0/toolchain/avr8/avr8-gnu-toolchain/bin/../lib/gcc/avr/5.4.0/avr5\libgcc.a(_umulhisi3.o)
 .text.libgcc.prologue
                0x00000000        0x0 c:/program files (x86)/atmel/studio/7.0/toolchain/avr8/avr8-gnu-toolchain/bin/../lib/gcc/avr/5.4.0/avr5\libgcc.a(_umulhisi3.o)
 .text.libgcc.builtins
                0x00000000        0x0 c:/program files (x86)/atmel/studio/7.0/toolchain/avr8/avr8-gnu-toolchain/bin/../lib/gcc/avr/5.4.0/avr5\libgcc.a(_umulhisi3.o)
 .text.libgcc.fmul
                0x00000000        0x0 c:/program files (x86)/atmel/studio/7.0/toolchain/avr8/avr8-gnu-toolchain/bin/../lib/gcc/avr/5.4.0/avr5\libgcc.a(_umulhisi3.o)
 .text.libgcc.fixed
                0x00000000        0x0 c:/program files (x86)/atmel/studio/7.0/toolchain/avr8/avr8-gnu-toolchain/bin/../lib/gcc/avr/5.4.0/avr5\libgcc.a(_umulhisi3.o)
 .text          0x00000000        0x0 c:/program files (x86)/atmel/studio/7.0/toolchain/avr8/avr8-gnu-toolchain/bin/../lib/gcc/avr/5.4.0/avr5\libgcc.a(_muluhisi3.o)
 .data          0x00000000        0x0 c:/program files (x86)/atmel/studio/7.0/toolchain/avr8/avr8-gnu-toolchain/bin/../lib/gcc/avr/5.4.0/avr5\libgcc.a(_muluhisi3.o)
 .bss           0x00000000        0x0 c:/program files (x86)/atmel/studio/7.0/toolchain/avr8/avr8-gnu-toolchain/bin/../lib/gcc/avr/5.4.0/avr5\libgcc.a(_muluhisi3.o)
 .text.libgcc.div
                0x00000000        0x0 c:/program files (x86)/atmel/studio/7.0/toolchain/avr8/avr8-gnu-toolchain/bin/../lib/gcc/avr/5.4.0/avr5\libgcc.a(_muluhisi3.o)
 .text.libgcc   0x00000000        0x0 c:/program files (x86)/atmel/studio/7.0/toolchain/avr8/avr8-gnu-toolchain/bin/../lib/gcc/avr/5.4.0/avr5\libgcc.a(_muluhisi3.o)
 .text.libgcc.prologue
                0x00000000        0x0 c:/program files (x86)/atmel/studio/7.0/toolchain/avr8/avr8-gnu-toolchain/bin/../lib/gcc/avr/5.4.0/avr5\libgcc.a(_muluhisi3.o)
 .text.libgcc.builtins
                0x00000000        0x0 c:/program files (x86)/atmel/studio/7.0/toolchain/avr8/avr8-gnu-toolchain/bin/../lib/gcc/avr/5.4.0/avr5\libgcc.a(_muluhisi3.o)
 .text.libgcc.fmul
                0x00000000        0x0 c:/program files (x86)/atmel/studio/7.0/toolchain/avr8/avr8-gnu-toolchain/bin/../lib/gcc/avr/5.4.0/avr5\libgcc.a(_muluhisi3.o)
 .text.libgcc.fixed
                0x00000000        0x0 c:/program files (x86)/atmel/studio/7.0/toolchain/avr8/avr8-gnu-toolchain/bin/../lib/gcc/avr/5.4.0/avr5\libgcc.a(_muluhisi3.o)
 .text          0x00000000        0x0 c:/program files (x86)/atmel/studio/7.0/toolchain/avr8/avr8-gnu-toolchain/bin/../lib/gcc/avr/5.4.0/../../../../avr/lib/avr5\libc.a(strcpy.o)
 .data          0x00000000        0x0 c:/program files (x86)/atmel/studio/7.0/toolchain/avr8/avr8-gnu-toolchain/bin/../lib/gcc/avr/5.4.0/../../../../avr/lib/avr5\libc.a(strcpy.o)
 .bss           0x00000000        0x0 c:/program files (x86)/atmel/studio/7.0/toolchain/avr8/avr8-gnu-toolchain/bin/../lib/gcc/avr/5.4.0/../../../../avr/lib/avr5\libc.a(strcpy.o)
 .text          0x00000000        0x0 c:/program files (x86)/atmel/studio/7.0/toolchain/avr8/avr8-gnu-toolchain/bin/../lib/gcc/avr/5.4.0/../../../../avr/lib/avr5\libc.a(itoa_ncheck.o)
 .data          0x00000000        0x0 c:/program files (x86)/atmel/studio/7.0/toolchain/avr8/avr8-gnu-toolchain/bin/../lib/gcc/avr/5.4.0/../../../../avr/lib/avr5\libc.a(itoa_ncheck.o)
 .bss           0x00000000        0x0 c:/program files (x86)/atmel/studio/7.0/toolchain/avr8/avr8-gnu-toolchain/bin/../lib/gcc/avr/5.4.0/../../../../avr/lib/avr5\libc.a(itoa_ncheck.o)
 .text          0x00000000        0x0 c:/program files (x86)/atmel/studio/7.0/toolchain/avr8/avr8-gnu-toolchain/bin/../lib/gcc/avr/5.4.0/../../../../avr/lib/avr5\libc.a(utoa_ncheck.o)
 .data          0x00000000        0x0 c:/program files (x86)/atmel/studio/7.0/toolchain/avr8/avr8-gnu-toolchain/bin/../lib/gcc/avr/5.4.0/../../../../avr/lib/avr5\libc.a(utoa_ncheck.o)
 .bss           0x00000000        0x0 c:/program files (x86)/atmel/studio/7.0/toolchain/avr8/avr8-gnu-toolchain/bin/../lib/gcc/avr/5.4.0/../../../../avr/lib/avr5\libc.a(utoa_ncheck.o)
 .text          0x00000000        0x0 c:/program files (x86)/atmel/studio/7.0/toolchain/avr8/avr8-gnu-toolchain/bin/../lib/gcc/avr/5.4.0/../../../../avr/lib/avr5\libc.a(strrev.o)
 .data          0x00000000        0x0 c:/program files (x86)/atmel/studio/7.0/toolchain/avr8/avr8-gnu-toolchain/bin/../lib/gcc/avr/5.4.0/../../../../avr/lib/avr5\libc.a(strrev.o)
 .bss           0x00000000        0x0 c:/program files (x86)/atmel/studio/7.0/toolchain/avr8/avr8-gnu-toolchain/bin/../lib/gcc/avr/5.4.0/../../../../avr/lib/avr5\libc.a(strrev.o)

Memory Configuration

Name             Origin             Length             Attributes
text             0x00000000         0x00020000         xr
data             0x00800060         0x0000ffa0         rw !x
eeprom           0x00810000         0x00010000         rw !x
fuse             0x00820000         0x00000003         rw !x
lock             0x00830000         0x00000400         rw !x
signature        0x00840000         0x00000400         rw !x
user_signatures  0x00850000         0x00000400         rw !x
*default*        0x00000000         0xffffffff

Linker script and memory map

Address of section .data set to 0x800100
LOAD C:/Program Files (x86)/Atmel/Studio/7.0/Packs/atmel/ATmega_DFP/1.2.150/gcc/dev/atmega328pb/avr5/crtatmega328pb.o
LOAD main.o
START GROUP
LOAD c:/program files (x86)/atmel/studio/7.0/toolchain/avr8/avr8-gnu-toolchain/bin/../lib/gcc/avr/5.4.0/../../../../avr/lib/avr5\libm.a
LOAD D:\Users\erics\Documents\TOF-CAN\firmware\ToF-CAN-Firmware\libs\Adafruit_VL53L0X\libVL530L0X.a
END GROUP
LOAD c:/program files (x86)/atmel/studio/7.0/toolchain/avr8/avr8-gnu-toolchain/bin/../lib/gcc/avr/5.4.0/avr5\libgcc.a
LOAD c:/program files (x86)/atmel/studio/7.0/toolchain/avr8/avr8-gnu-toolchain/bin/../lib/gcc/avr/5.4.0/../../../../avr/lib/avr5\libm.a
START GROUP
LOAD c:/program files (x86)/atmel/studio/7.0/toolchain/avr8/avr8-gnu-toolchain/bin/../lib/gcc/avr/5.4.0/avr5\libgcc.a
LOAD c:/program files (x86)/atmel/studio/7.0/toolchain/avr8/avr8-gnu-toolchain/bin/../lib/gcc/avr/5.4.0/../../../../avr/lib/avr5\libm.a
LOAD c:/program files (x86)/atmel/studio/7.0/toolchain/avr8/avr8-gnu-toolchain/bin/../lib/gcc/avr/5.4.0/../../../../avr/lib/avr5\libc.a
LOAD C:/Program Files (x86)/Atmel/Studio/7.0/Packs/atmel/ATmega_DFP/1.2.150/gcc/dev/atmega328pb/avr5\libatmega328pb.a
END GROUP
                0x00020000                __TEXT_REGION_LENGTH__ = DEFINED (__TEXT_REGION_LENGTH__)?__TEXT_REGION_LENGTH__:0x20000
                0x0000ffa0                __DATA_REGION_LENGTH__ = DEFINED (__DATA_REGION_LENGTH__)?__DATA_REGION_LENGTH__:0xffa0
                0x00010000                __EEPROM_REGION_LENGTH__ = DEFINED (__EEPROM_REGION_LENGTH__)?__EEPROM_REGION_LENGTH__:0x10000
                [0x00000003]                __FUSE_REGION_LENGTH__ = DEFINED (__FUSE_REGION_LENGTH__)?__FUSE_REGION_LENGTH__:0x400
                0x00000400                __LOCK_REGION_LENGTH__ = DEFINED (__LOCK_REGION_LENGTH__)?__LOCK_REGION_LENGTH__:0x400
                0x00000400                __SIGNATURE_REGION_LENGTH__ = DEFINED (__SIGNATURE_REGION_LENGTH__)?__SIGNATURE_REGION_LENGTH__:0x400
                0x00000400                __USER_SIGNATURE_REGION_LENGTH__ = DEFINED (__USER_SIGNATURE_REGION_LENGTH__)?__USER_SIGNATURE_REGION_LENGTH__:0x400

.hash
 *(.hash)

.dynsym
 *(.dynsym)

.dynstr
 *(.dynstr)

.gnu.version
 *(.gnu.version)

.gnu.version_d
 *(.gnu.version_d)

.gnu.version_r
 *(.gnu.version_r)

.rel.init
 *(.rel.init)

.rela.init
 *(.rela.init)

.rel.text
 *(.rel.text)
 *(.rel.text.*)
 *(.rel.gnu.linkonce.t*)

.rela.text
 *(.rela.text)
 *(.rela.text.*)
 *(.rela.gnu.linkonce.t*)

.rel.fini
 *(.rel.fini)

.rela.fini
 *(.rela.fini)

.rel.rodata
 *(.rel.rodata)
 *(.rel.rodata.*)
 *(.rel.gnu.linkonce.r*)

.rela.rodata
 *(.rela.rodata)
 *(.rela.rodata.*)
 *(.rela.gnu.linkonce.r*)

.rel.data
 *(.rel.data)
 *(.rel.data.*)
 *(.rel.gnu.linkonce.d*)

.rela.data
 *(.rela.data)
 *(.rela.data.*)
 *(.rela.gnu.linkonce.d*)

.rel.ctors
 *(.rel.ctors)

.rela.ctors
 *(.rela.ctors)

.rel.dtors
 *(.rel.dtors)

.rela.dtors
 *(.rela.dtors)

.rel.got
 *(.rel.got)

.rela.got
 *(.rela.got)

.rel.bss
 *(.rel.bss)

.rela.bss
 *(.rela.bss)

.rel.plt
 *(.rel.plt)

.rela.plt
 *(.rela.plt)

.text           0x00000000     0x4102
 *(.vectors)
 .vectors       0x00000000       0xb4 C:/Program Files (x86)/Atmel/Studio/7.0/Packs/atmel/ATmega_DFP/1.2.150/gcc/dev/atmega328pb/avr5/crtatmega328pb.o
                0x00000000                __vector_default
                0x00000000                __vectors
 *(.vectors)
 *(.progmem.gcc*)
                0x000000b4                . = ALIGN (0x2)
                0x000000b4                __trampolines_start = .
 *(.trampolines)
 .trampolines   0x000000b4        0x0 linker stubs
 *(.trampolines*)
                0x000000b4                __trampolines_end = .
 *libprintf_flt.a:*(.progmem.data)
 *libc.a:*(.progmem.data)
 *(.progmem*)
                0x000000b4                . = ALIGN (0x2)
 *(.jumptables)
 *(.jumptables*)
 *(.lowtext)
 *(.lowtext*)
                0x000000b4                __ctors_start = .
 *(.ctors)
 .ctors         0x000000b4        0x2 main.o
                0x000000b6                __ctors_end = .
                0x000000b6                __dtors_start = .
 *(.dtors)
                0x000000b6                __dtors_end = .
 SORT(*)(.ctors)
 SORT(*)(.dtors)
 *(.init0)
 .init0         0x000000b6        0x0 C:/Program Files (x86)/Atmel/Studio/7.0/Packs/atmel/ATmega_DFP/1.2.150/gcc/dev/atmega328pb/avr5/crtatmega328pb.o
                0x000000b6                __init
 *(.init0)
 *(.init1)
 *(.init1)
 *(.init2)
 .init2         0x000000b6        0xc C:/Program Files (x86)/Atmel/Studio/7.0/Packs/atmel/ATmega_DFP/1.2.150/gcc/dev/atmega328pb/avr5/crtatmega328pb.o
 *(.init2)
 *(.init3)
 *(.init3)
 *(.init4)
 .init4         0x000000c2       0x16 c:/program files (x86)/atmel/studio/7.0/toolchain/avr8/avr8-gnu-toolchain/bin/../lib/gcc/avr/5.4.0/avr5\libgcc.a(_copy_data.o)
                0x000000c2                __do_copy_data
 .init4         0x000000d8       0x10 c:/program files (x86)/atmel/studio/7.0/toolchain/avr8/avr8-gnu-toolchain/bin/../lib/gcc/avr/5.4.0/avr5\libgcc.a(_clear_bss.o)
                0x000000d8                __do_clear_bss
 *(.init4)
 *(.init5)
 *(.init5)
 *(.init6)
 .init6         0x000000e8       0x16 c:/program files (x86)/atmel/studio/7.0/toolchain/avr8/avr8-gnu-toolchain/bin/../lib/gcc/avr/5.4.0/avr5\libgcc.a(_ctors.o)
                0x000000e8                __do_global_ctors
 *(.init6)
 *(.init7)
 *(.init7)
 *(.init8)
 *(.init8)
 *(.init9)
 .init9         0x000000fe        0x8 C:/Program Files (x86)/Atmel/Studio/7.0/Packs/atmel/ATmega_DFP/1.2.150/gcc/dev/atmega328pb/avr5/crtatmega328pb.o
 *(.init9)
 *(.text)
 .text          0x00000106        0x4 C:/Program Files (x86)/Atmel/Studio/7.0/Packs/atmel/ATmega_DFP/1.2.150/gcc/dev/atmega328pb/avr5/crtatmega328pb.o
                0x00000106                __vector_38
                0x00000106                __vector_22
                0x00000106                __vector_28
                0x00000106                __vector_1
                0x00000106                __vector_32
                0x00000106                __vector_34
                0x00000106                __vector_24
                0x00000106                __vector_12
                0x00000106                __bad_interrupt
                0x00000106                __vector_6
                0x00000106                __vector_31
                0x00000106                __vector_35
                0x00000106                __vector_39
                0x00000106                __vector_3
                0x00000106                __vector_23
                0x00000106                __vector_30
                0x00000106                __vector_25
                0x00000106                __vector_11
                0x00000106                __vector_13
                0x00000106                __vector_17
                0x00000106                __vector_19
                0x00000106                __vector_7
                0x00000106                __vector_41
                0x00000106                __vector_43
                0x00000106                __vector_27
                0x00000106                __vector_5
                0x00000106                __vector_33
                0x00000106                __vector_37
                0x00000106                __vector_4
                0x00000106                __vector_44
                0x00000106                __vector_9
                0x00000106                __vector_2
                0x00000106                __vector_21
                0x00000106                __vector_15
                0x00000106                __vector_36
                0x00000106                __vector_29
                0x00000106                __vector_40
                0x00000106                __vector_8
                0x00000106                __vector_26
                0x00000106                __vector_14
                0x00000106                __vector_10
                0x00000106                __vector_16
                0x00000106                __vector_18
                0x00000106                __vector_20
                0x00000106                __vector_42
                0x0000010a                . = ALIGN (0x2)
 *(.text.*)
 .text._Z9i2c_starth
                0x0000010a       0x44 main.o
                0x0000010a                _Z9i2c_starth
 .text._Z9i2c_writeh
                0x0000014e       0x22 main.o
                0x0000014e                _Z9i2c_writeh
 .text._Z12i2c_read_ackv
                0x00000170       0x14 main.o
                0x00000170                _Z12i2c_read_ackv
 .text._Z8i2c_stopv
                0x00000184        0x8 main.o
                0x00000184                _Z8i2c_stopv
 .text._ZN16Adafruit_VL53L0X5beginEhb
                0x0000018c      0x152 main.o
                0x0000018c                _ZN16Adafruit_VL53L0X5beginEhb
 .text._Z9init_uartj
                0x000002de       0x36 main.o
                0x000002de                _Z9init_uartj
 .text._Z9uart_putch
                0x00000314        0xe main.o
                0x00000314                _Z9uart_putch
 .text._Z9uart_putsPKc
                0x00000322       0x18 main.o
                0x00000322                _Z9uart_putsPKc
 .text.startup.main
                0x0000033a       0xa8 main.o
                0x0000033a                main
 .text.startup._GLOBAL__sub_I__Z8i2c_initv
                0x000003e2       0x2e main.o
 .text.VL53L0X_GetFractionEnable
                0x00000410       0x1e D:\Users\erics\Documents\TOF-CAN\firmware\ToF-CAN-Firmware\libs\Adafruit_VL53L0X\libVL530L0X.a(vl53l0x_api.o)
                0x00000410                VL53L0X_GetFractionEnable
 .text.VL53L0X_SetMeasurementTimingBudgetMicroSeconds
                0x0000042e        0x4 D:\Users\erics\Documents\TOF-CAN\firmware\ToF-CAN-Firmware\libs\Adafruit_VL53L0X\libVL530L0X.a(vl53l0x_api.o)
                0x0000042e                VL53L0X_SetMeasurementTimingBudgetMicroSeconds
 .text.VL53L0X_GetVcselPulsePeriod
                0x00000432        0x4 D:\Users\erics\Documents\TOF-CAN\firmware\ToF-CAN-Firmware\libs\Adafruit_VL53L0X\libVL530L0X.a(vl53l0x_api.o)
                0x00000432                VL53L0X_GetVcselPulsePeriod
 .text.VL53L0X_SetSequenceStepEnable
                0x00000436       0xe2 D:\Users\erics\Documents\TOF-CAN\firmware\ToF-CAN-Firmware\libs\Adafruit_VL53L0X\libVL530L0X.a(vl53l0x_api.o)
                0x00000436                VL53L0X_SetSequenceStepEnable
 .text.VL53L0X_GetSequenceStepEnables
                0x00000518       0x5a D:\Users\erics\Documents\TOF-CAN\firmware\ToF-CAN-Firmware\libs\Adafruit_VL53L0X\libVL530L0X.a(vl53l0x_api.o)
                0x00000518                VL53L0X_GetSequenceStepEnables
 .text.VL53L0X_GetSequenceStepTimeout
                0x00000572       0xd6 D:\Users\erics\Documents\TOF-CAN\firmware\ToF-CAN-Firmware\libs\Adafruit_VL53L0X\libVL530L0X.a(vl53l0x_api.o)
                0x00000572                VL53L0X_GetSequenceStepTimeout
 .text.VL53L0X_GetInterMeasurementPeriodMilliSeconds
                0x00000648       0x98 D:\Users\erics\Documents\TOF-CAN\firmware\ToF-CAN-Firmware\libs\Adafruit_VL53L0X\libVL530L0X.a(vl53l0x_api.o)
                0x00000648                VL53L0X_GetInterMeasurementPeriodMilliSeconds
 .text.VL53L0X_GetXTalkCompensationEnable
                0x000006e0        0xc D:\Users\erics\Documents\TOF-CAN\firmware\ToF-CAN-Firmware\libs\Adafruit_VL53L0X\libVL530L0X.a(vl53l0x_api.o)
                0x000006e0                VL53L0X_GetXTalkCompensationEnable
 .text.VL53L0X_GetXTalkCompensationRateMegaCps
                0x000006ec       0x82 D:\Users\erics\Documents\TOF-CAN\firmware\ToF-CAN-Firmware\libs\Adafruit_VL53L0X\libVL530L0X.a(vl53l0x_api.o)
                0x000006ec                VL53L0X_GetXTalkCompensationRateMegaCps
 .text.VL53L0X_SetLimitCheckEnable
                0x0000076e       0xcc D:\Users\erics\Documents\TOF-CAN\firmware\ToF-CAN-Firmware\libs\Adafruit_VL53L0X\libVL530L0X.a(vl53l0x_api.o)
                0x0000076e                VL53L0X_SetLimitCheckEnable
 .text.VL53L0X_GetLimitCheckEnable
                0x0000083a       0x1e D:\Users\erics\Documents\TOF-CAN\firmware\ToF-CAN-Firmware\libs\Adafruit_VL53L0X\libVL530L0X.a(vl53l0x_api.o)
                0x0000083a                VL53L0X_GetLimitCheckEnable
 .text.VL53L0X_SetLimitCheckValue
                0x00000858       0xcc D:\Users\erics\Documents\TOF-CAN\firmware\ToF-CAN-Firmware\libs\Adafruit_VL53L0X\libVL530L0X.a(vl53l0x_api.o)
                0x00000858                VL53L0X_SetLimitCheckValue
 .text.VL53L0X_GetLimitCheckValue
                0x00000924       0xfa D:\Users\erics\Documents\TOF-CAN\firmware\ToF-CAN-Firmware\libs\Adafruit_VL53L0X\libVL530L0X.a(vl53l0x_api.o)
                0x00000924                VL53L0X_GetLimitCheckValue
 .text.VL53L0X_GetWrapAroundCheckEnable
                0x00000a1e       0x5c D:\Users\erics\Documents\TOF-CAN\firmware\ToF-CAN-Firmware\libs\Adafruit_VL53L0X\libVL530L0X.a(vl53l0x_api.o)
                0x00000a1e                VL53L0X_GetWrapAroundCheckEnable
 .text.VL53L0X_GetDeviceParameters
                0x00000a7a       0xea D:\Users\erics\Documents\TOF-CAN\firmware\ToF-CAN-Firmware\libs\Adafruit_VL53L0X\libVL530L0X.a(vl53l0x_api.o)
                0x00000a7a                VL53L0X_GetDeviceParameters
 .text.VL53L0X_DataInit
                0x00000b64      0x230 D:\Users\erics\Documents\TOF-CAN\firmware\ToF-CAN-Firmware\libs\Adafruit_VL53L0X\libVL530L0X.a(vl53l0x_api.o)
                0x00000b64                VL53L0X_DataInit
 .text.VL53L0X_PerformRefCalibration
                0x00000d94        0x6 D:\Users\erics\Documents\TOF-CAN\firmware\ToF-CAN-Firmware\libs\Adafruit_VL53L0X\libVL530L0X.a(vl53l0x_api.o)
                0x00000d94                VL53L0X_PerformRefCalibration
 .text.VL53L0X_GetRangingMeasurementData
                0x00000d9a      0x27c D:\Users\erics\Documents\TOF-CAN\firmware\ToF-CAN-Firmware\libs\Adafruit_VL53L0X\libVL530L0X.a(vl53l0x_api.o)
                0x00000d9a                VL53L0X_GetRangingMeasurementData
 .text.VL53L0X_GetInterruptThresholds
                0x00001016       0x64 D:\Users\erics\Documents\TOF-CAN\firmware\ToF-CAN-Firmware\libs\Adafruit_VL53L0X\libVL530L0X.a(vl53l0x_api.o)
                0x00001016                VL53L0X_GetInterruptThresholds
 .text._Z37VL53L0X_CheckAndLoadInterruptSettingsP13VL53L0X_Dev_th
                0x0000107a       0xc6 D:\Users\erics\Documents\TOF-CAN\firmware\ToF-CAN-Firmware\libs\Adafruit_VL53L0X\libVL530L0X.a(vl53l0x_api.o)
                0x0000107a                _Z37VL53L0X_CheckAndLoadInterruptSettingsP13VL53L0X_Dev_th
 .text.VL53L0X_StartMeasurement
                0x00001140      0x11e D:\Users\erics\Documents\TOF-CAN\firmware\ToF-CAN-Firmware\libs\Adafruit_VL53L0X\libVL530L0X.a(vl53l0x_api.o)
                0x00001140                VL53L0X_StartMeasurement
 .text.VL53L0X_PerformSingleMeasurement
                0x0000125e       0x38 D:\Users\erics\Documents\TOF-CAN\firmware\ToF-CAN-Firmware\libs\Adafruit_VL53L0X\libVL530L0X.a(vl53l0x_api.o)
                0x0000125e                VL53L0X_PerformSingleMeasurement
 .text.VL53L0X_ClearInterruptMask
                0x00001296       0x66 D:\Users\erics\Documents\TOF-CAN\firmware\ToF-CAN-Firmware\libs\Adafruit_VL53L0X\libVL530L0X.a(vl53l0x_api.o)
                0x00001296                VL53L0X_ClearInterruptMask
 .text.VL53L0X_PerformSingleRangingMeasurement
                0x000012fc       0x40 D:\Users\erics\Documents\TOF-CAN\firmware\ToF-CAN-Firmware\libs\Adafruit_VL53L0X\libVL530L0X.a(vl53l0x_api.o)
                0x000012fc                VL53L0X_PerformSingleRangingMeasurement
 .text.VL53L0X_SetGpioConfig
                0x0000133c      0x15e D:\Users\erics\Documents\TOF-CAN\firmware\ToF-CAN-Firmware\libs\Adafruit_VL53L0X\libVL530L0X.a(vl53l0x_api.o)
                0x0000133c                VL53L0X_SetGpioConfig
 .text.VL53L0X_StaticInit
                0x0000149a      0x25e D:\Users\erics\Documents\TOF-CAN\firmware\ToF-CAN-Firmware\libs\Adafruit_VL53L0X\libVL530L0X.a(vl53l0x_api.o)
                0x0000149a                VL53L0X_StaticInit
 .text.VL53L0X_GetInterruptMaskStatus
                0x000016f8       0x44 D:\Users\erics\Documents\TOF-CAN\firmware\ToF-CAN-Firmware\libs\Adafruit_VL53L0X\libVL530L0X.a(vl53l0x_api.o)
                0x000016f8                VL53L0X_GetInterruptMaskStatus
 .text.VL53L0X_GetMeasurementDataReady
                0x0000173c       0x70 D:\Users\erics\Documents\TOF-CAN\firmware\ToF-CAN-Firmware\libs\Adafruit_VL53L0X\libVL530L0X.a(vl53l0x_api.o)
                0x0000173c                VL53L0X_GetMeasurementDataReady
 .text.VL53L0X_PerformRefSpadManagement
                0x000017ac        0x4 D:\Users\erics\Documents\TOF-CAN\firmware\ToF-CAN-Firmware\libs\Adafruit_VL53L0X\libVL530L0X.a(vl53l0x_api.o)
                0x000017ac                VL53L0X_PerformRefSpadManagement
 .text.VL53L0X_get_offset_calibration_data_micro_meter
                0x000017b0       0x5c D:\Users\erics\Documents\TOF-CAN\firmware\ToF-CAN-Firmware\libs\Adafruit_VL53L0X\libVL530L0X.a(vl53l0x_api_calibration.o)
                0x000017b0                VL53L0X_get_offset_calibration_data_micro_meter
 .text._Z18get_next_good_spadPhmmPl
                0x0000180c      0x14a D:\Users\erics\Documents\TOF-CAN\firmware\ToF-CAN-Firmware\libs\Adafruit_VL53L0X\libVL530L0X.a(vl53l0x_api_calibration.o)
                0x0000180c                _Z18get_next_good_spadPhmmPl
 .text._Z11is_aperturem
                0x00001956       0x38 D:\Users\erics\Documents\TOF-CAN\firmware\ToF-CAN-Firmware\libs\Adafruit_VL53L0X\libVL530L0X.a(vl53l0x_api_calibration.o)
                0x00001956                _Z11is_aperturem
 .text._Z15enable_spad_bitPhmm
                0x0000198e       0x5c D:\Users\erics\Documents\TOF-CAN\firmware\ToF-CAN-Firmware\libs\Adafruit_VL53L0X\libVL530L0X.a(vl53l0x_api_calibration.o)
                0x0000198e                _Z15enable_spad_bitPhmm
 .text._Z16set_ref_spad_mapP13VL53L0X_Dev_tPh
                0x000019ea       0x1a D:\Users\erics\Documents\TOF-CAN\firmware\ToF-CAN-Firmware\libs\Adafruit_VL53L0X\libVL530L0X.a(vl53l0x_api_calibration.o)
                0x000019ea                _Z16set_ref_spad_mapP13VL53L0X_Dev_tPh
 .text._Z16get_ref_spad_mapP13VL53L0X_Dev_tPh
                0x00001a04       0x1a D:\Users\erics\Documents\TOF-CAN\firmware\ToF-CAN-Firmware\libs\Adafruit_VL53L0X\libVL530L0X.a(vl53l0x_api_calibration.o)
                0x00001a04                _Z16get_ref_spad_mapP13VL53L0X_Dev_tPh
 .text._Z16enable_ref_spadsP13VL53L0X_Dev_thPhS1_mmmmPm
                0x00001a1e      0x198 D:\Users\erics\Documents\TOF-CAN\firmware\ToF-CAN-Firmware\libs\Adafruit_VL53L0X\libVL530L0X.a(vl53l0x_api_calibration.o)
                0x00001a1e                _Z16enable_ref_spadsP13VL53L0X_Dev_thPhS1_mmmmPm
 .text._Z30perform_ref_signal_measurementP13VL53L0X_Dev_tPj
                0x00001bb6       0xae D:\Users\erics\Documents\TOF-CAN\firmware\ToF-CAN-Firmware\libs\Adafruit_VL53L0X\libVL530L0X.a(vl53l0x_api_calibration.o)
                0x00001bb6                _Z30perform_ref_signal_measurementP13VL53L0X_Dev_tPj
 .text.VL53L0X_set_reference_spads
                0x00001c64      0x154 D:\Users\erics\Documents\TOF-CAN\firmware\ToF-CAN-Firmware\libs\Adafruit_VL53L0X\libVL530L0X.a(vl53l0x_api_calibration.o)
                0x00001c64                VL53L0X_set_reference_spads
 .text._Z38VL53L0X_perform_single_ref_calibrationP13VL53L0X_Dev_th
                0x00001db8       0x42 D:\Users\erics\Documents\TOF-CAN\firmware\ToF-CAN-Firmware\libs\Adafruit_VL53L0X\libVL530L0X.a(vl53l0x_api_calibration.o)
                0x00001db8                _Z38VL53L0X_perform_single_ref_calibrationP13VL53L0X_Dev_th
 .text._Z26VL53L0X_ref_calibration_ioP13VL53L0X_Dev_thhhPhS1_hh
                0x00001dfa       0xea D:\Users\erics\Documents\TOF-CAN\firmware\ToF-CAN-Firmware\libs\Adafruit_VL53L0X\libVL530L0X.a(vl53l0x_api_calibration.o)
                0x00001dfa                _Z26VL53L0X_ref_calibration_ioP13VL53L0X_Dev_thhhPhS1_hh
 .text._Z31VL53L0X_perform_vhv_calibrationP13VL53L0X_Dev_tPhhh
                0x00001ee4       0xb0 D:\Users\erics\Documents\TOF-CAN\firmware\ToF-CAN-Firmware\libs\Adafruit_VL53L0X\libVL530L0X.a(vl53l0x_api_calibration.o)
                0x00001ee4                _Z31VL53L0X_perform_vhv_calibrationP13VL53L0X_Dev_tPhhh
 .text.VL53L0X_perform_phase_calibration
                0x00001f94       0xac D:\Users\erics\Documents\TOF-CAN\firmware\ToF-CAN-Firmware\libs\Adafruit_VL53L0X\libVL530L0X.a(vl53l0x_api_calibration.o)
                0x00001f94                VL53L0X_perform_phase_calibration
 .text.VL53L0X_perform_ref_calibration
                0x00002040       0x60 D:\Users\erics\Documents\TOF-CAN\firmware\ToF-CAN-Firmware\libs\Adafruit_VL53L0X\libVL530L0X.a(vl53l0x_api_calibration.o)
                0x00002040                VL53L0X_perform_ref_calibration
 .text.VL53L0X_perform_ref_spad_management
                0x000020a0      0x464 D:\Users\erics\Documents\TOF-CAN\firmware\ToF-CAN-Firmware\libs\Adafruit_VL53L0X\libVL530L0X.a(vl53l0x_api_calibration.o)
                0x000020a0                VL53L0X_perform_ref_spad_management
 .text.VL53L0X_measurement_poll_for_completion
                0x00002504       0x54 D:\Users\erics\Documents\TOF-CAN\firmware\ToF-CAN-Firmware\libs\Adafruit_VL53L0X\libVL530L0X.a(vl53l0x_api_core.o)
                0x00002504                VL53L0X_measurement_poll_for_completion
 .text._Z26VL53L0X_device_read_strobeP13VL53L0X_Dev_t
                0x00002558       0x70 D:\Users\erics\Documents\TOF-CAN\firmware\ToF-CAN-Firmware\libs\Adafruit_VL53L0X\libVL530L0X.a(vl53l0x_api_core.o)
                0x00002558                _Z26VL53L0X_device_read_strobeP13VL53L0X_Dev_t
 .text.VL53L0X_get_info_from_device
                0x000025c8      0x70e D:\Users\erics\Documents\TOF-CAN\firmware\ToF-CAN-Firmware\libs\Adafruit_VL53L0X\libVL530L0X.a(vl53l0x_api_core.o)
                0x000025c8                VL53L0X_get_info_from_device
 .text.VL53L0X_encode_timeout
                0x00002cd6       0x54 D:\Users\erics\Documents\TOF-CAN\firmware\ToF-CAN-Firmware\libs\Adafruit_VL53L0X\libVL530L0X.a(vl53l0x_api_core.o)
                0x00002cd6                VL53L0X_encode_timeout
 .text.VL53L0X_calc_timeout_mclks
                0x00002d2a       0x8a D:\Users\erics\Documents\TOF-CAN\firmware\ToF-CAN-Firmware\libs\Adafruit_VL53L0X\libVL530L0X.a(vl53l0x_api_core.o)
                0x00002d2a                VL53L0X_calc_timeout_mclks
 .text._Z23VL53L0X_calc_timeout_usP13VL53L0X_Dev_tjh
                0x00002db4       0x9e D:\Users\erics\Documents\TOF-CAN\firmware\ToF-CAN-Firmware\libs\Adafruit_VL53L0X\libVL530L0X.a(vl53l0x_api_core.o)
                0x00002db4                _Z23VL53L0X_calc_timeout_usP13VL53L0X_Dev_tjh
 .text.get_sequence_step_timeout
                0x00002e52      0x1c2 D:\Users\erics\Documents\TOF-CAN\firmware\ToF-CAN-Firmware\libs\Adafruit_VL53L0X\libVL530L0X.a(vl53l0x_api_core.o)
                0x00002e52                get_sequence_step_timeout
 .text.set_sequence_step_timeout
                0x00003014      0x1a0 D:\Users\erics\Documents\TOF-CAN\firmware\ToF-CAN-Firmware\libs\Adafruit_VL53L0X\libVL530L0X.a(vl53l0x_api_core.o)
                0x00003014                set_sequence_step_timeout
 .text.VL53L0X_get_vcsel_pulse_period
                0x000031b4       0x4c D:\Users\erics\Documents\TOF-CAN\firmware\ToF-CAN-Firmware\libs\Adafruit_VL53L0X\libVL530L0X.a(vl53l0x_api_core.o)
                0x000031b4                VL53L0X_get_vcsel_pulse_period
 .text.VL53L0X_set_measurement_timing_budget_micro_seconds
                0x00003200      0x196 D:\Users\erics\Documents\TOF-CAN\firmware\ToF-CAN-Firmware\libs\Adafruit_VL53L0X\libVL530L0X.a(vl53l0x_api_core.o)
                0x00003200                VL53L0X_set_measurement_timing_budget_micro_seconds
 .text.VL53L0X_get_measurement_timing_budget_micro_seconds
                0x00003396      0x1ce D:\Users\erics\Documents\TOF-CAN\firmware\ToF-CAN-Firmware\libs\Adafruit_VL53L0X\libVL530L0X.a(vl53l0x_api_core.o)
                0x00003396                VL53L0X_get_measurement_timing_budget_micro_seconds
 .text.VL53L0X_load_tuning_settings
                0x00003564      0x1b4 D:\Users\erics\Documents\TOF-CAN\firmware\ToF-CAN-Firmware\libs\Adafruit_VL53L0X\libVL530L0X.a(vl53l0x_api_core.o)
                0x00003564                VL53L0X_load_tuning_settings
 .text.VL53L0X_get_total_xtalk_rate
                0x00003718       0x90 D:\Users\erics\Documents\TOF-CAN\firmware\ToF-CAN-Firmware\libs\Adafruit_VL53L0X\libVL530L0X.a(vl53l0x_api_core.o)
                0x00003718                VL53L0X_get_total_xtalk_rate
 .text.VL53L0X_get_total_signal_rate
                0x000037a8       0x78 D:\Users\erics\Documents\TOF-CAN\firmware\ToF-CAN-Firmware\libs\Adafruit_VL53L0X\libVL530L0X.a(vl53l0x_api_core.o)
                0x000037a8                VL53L0X_get_total_signal_rate
 .text.VL53L0X_calc_sigma_estimate
                0x00003820       0xea D:\Users\erics\Documents\TOF-CAN\firmware\ToF-CAN-Firmware\libs\Adafruit_VL53L0X\libVL530L0X.a(vl53l0x_api_core.o)
                0x00003820                VL53L0X_calc_sigma_estimate
 .text.VL53L0X_get_pal_range_status
                0x0000390a      0x308 D:\Users\erics\Documents\TOF-CAN\firmware\ToF-CAN-Firmware\libs\Adafruit_VL53L0X\libVL530L0X.a(vl53l0x_api_core.o)
                0x0000390a                VL53L0X_get_pal_range_status
 .text.VL53L0X_WriteMulti
                0x00003c12       0x32 D:\Users\erics\Documents\TOF-CAN\firmware\ToF-CAN-Firmware\libs\Adafruit_VL53L0X\libVL530L0X.a(vl53l0x_platform.o)
                0x00003c12                VL53L0X_WriteMulti
 .text.VL53L0X_ReadMulti
                0x00003c44       0x32 D:\Users\erics\Documents\TOF-CAN\firmware\ToF-CAN-Firmware\libs\Adafruit_VL53L0X\libVL530L0X.a(vl53l0x_platform.o)
                0x00003c44                VL53L0X_ReadMulti
 .text.VL53L0X_WrByte
                0x00003c76       0x18 D:\Users\erics\Documents\TOF-CAN\firmware\ToF-CAN-Firmware\libs\Adafruit_VL53L0X\libVL530L0X.a(vl53l0x_platform.o)
                0x00003c76                VL53L0X_WrByte
 .text.VL53L0X_WrWord
                0x00003c8e       0x18 D:\Users\erics\Documents\TOF-CAN\firmware\ToF-CAN-Firmware\libs\Adafruit_VL53L0X\libVL530L0X.a(vl53l0x_platform.o)
                0x00003c8e                VL53L0X_WrWord
 .text.VL53L0X_UpdateByte
                0x00003ca6       0x5a D:\Users\erics\Documents\TOF-CAN\firmware\ToF-CAN-Firmware\libs\Adafruit_VL53L0X\libVL530L0X.a(vl53l0x_platform.o)
                0x00003ca6                VL53L0X_UpdateByte
 .text.VL53L0X_RdByte
                0x00003d00       0x18 D:\Users\erics\Documents\TOF-CAN\firmware\ToF-CAN-Firmware\libs\Adafruit_VL53L0X\libVL530L0X.a(vl53l0x_platform.o)
                0x00003d00                VL53L0X_RdByte
 .text.VL53L0X_RdWord
                0x00003d18       0x18 D:\Users\erics\Documents\TOF-CAN\firmware\ToF-CAN-Firmware\libs\Adafruit_VL53L0X\libVL530L0X.a(vl53l0x_platform.o)
                0x00003d18                VL53L0X_RdWord
 .text.VL53L0X_RdDWord
                0x00003d30       0x18 D:\Users\erics\Documents\TOF-CAN\firmware\ToF-CAN-Firmware\libs\Adafruit_VL53L0X\libVL530L0X.a(vl53l0x_platform.o)
                0x00003d30                VL53L0X_RdDWord
 .text.VL53L0X_PollingDelay
                0x00003d48       0x50 D:\Users\erics\Documents\TOF-CAN\firmware\ToF-CAN-Firmware\libs\Adafruit_VL53L0X\libVL530L0X.a(vl53l0x_platform.o)
                0x00003d48                VL53L0X_PollingDelay
 .text._Z19VL53L0X_write_multihhPhm
                0x00003d98       0x64 D:\Users\erics\Documents\TOF-CAN\firmware\ToF-CAN-Firmware\libs\Adafruit_VL53L0X\libVL530L0X.a(vl53l0x_i2c_comms.o)
                0x00003d98                _Z19VL53L0X_write_multihhPhm
 .text._Z18VL53L0X_read_multihhPhm
                0x00003dfc       0x74 D:\Users\erics\Documents\TOF-CAN\firmware\ToF-CAN-Firmware\libs\Adafruit_VL53L0X\libVL530L0X.a(vl53l0x_i2c_comms.o)
                0x00003dfc                _Z18VL53L0X_read_multihhPhm
 .text._Z18VL53L0X_write_bytehhh
                0x00003e70       0x2e D:\Users\erics\Documents\TOF-CAN\firmware\ToF-CAN-Firmware\libs\Adafruit_VL53L0X\libVL530L0X.a(vl53l0x_i2c_comms.o)
                0x00003e70                _Z18VL53L0X_write_bytehhh
 .text._Z18VL53L0X_write_wordhhj
                0x00003e9e       0x32 D:\Users\erics\Documents\TOF-CAN\firmware\ToF-CAN-Firmware\libs\Adafruit_VL53L0X\libVL530L0X.a(vl53l0x_i2c_comms.o)
                0x00003e9e                _Z18VL53L0X_write_wordhhj
 .text._Z17VL53L0X_read_bytehhPh
                0x00003ed0       0x16 D:\Users\erics\Documents\TOF-CAN\firmware\ToF-CAN-Firmware\libs\Adafruit_VL53L0X\libVL530L0X.a(vl53l0x_i2c_comms.o)
                0x00003ed0                _Z17VL53L0X_read_bytehhPh
 .text._Z17VL53L0X_read_wordhhPj
                0x00003ee6       0x48 D:\Users\erics\Documents\TOF-CAN\firmware\ToF-CAN-Firmware\libs\Adafruit_VL53L0X\libVL530L0X.a(vl53l0x_i2c_comms.o)
                0x00003ee6                _Z17VL53L0X_read_wordhhPj
 .text._Z18VL53L0X_read_dwordhhPm
                0x00003f2e       0x6e D:\Users\erics\Documents\TOF-CAN\firmware\ToF-CAN-Firmware\libs\Adafruit_VL53L0X\libVL530L0X.a(vl53l0x_i2c_comms.o)
                0x00003f2e                _Z18VL53L0X_read_dwordhhPm
 .text.libgcc.div
                0x00003f9c       0x28 c:/program files (x86)/atmel/studio/7.0/toolchain/avr8/avr8-gnu-toolchain/bin/../lib/gcc/avr/5.4.0/avr5\libgcc.a(_udivmodhi4.o)
                0x00003f9c                __udivmodhi4
 .text.libgcc.div
                0x00003fc4       0x44 c:/program files (x86)/atmel/studio/7.0/toolchain/avr8/avr8-gnu-toolchain/bin/../lib/gcc/avr/5.4.0/avr5\libgcc.a(_udivmodsi4.o)
                0x00003fc4                __udivmodsi4
 .text.libgcc.div
                0x00004008       0x2e c:/program files (x86)/atmel/studio/7.0/toolchain/avr8/avr8-gnu-toolchain/bin/../lib/gcc/avr/5.4.0/avr5\libgcc.a(_divmodsi4.o)
                0x00004008                __divmodsi4
 .text.libgcc.div
                0x00004036       0x10 c:/program files (x86)/atmel/studio/7.0/toolchain/avr8/avr8-gnu-toolchain/bin/../lib/gcc/avr/5.4.0/avr5\libgcc.a(_negsi2.o)
                0x00004036                __negsi2
 .text.libgcc   0x00004046        0xc c:/program files (x86)/atmel/studio/7.0/toolchain/avr8/avr8-gnu-toolchain/bin/../lib/gcc/avr/5.4.0/avr5\libgcc.a(_tablejump2.o)
                0x00004046                __tablejump2__
 .text.libgcc.mul
                0x00004052       0x1e c:/program files (x86)/atmel/studio/7.0/toolchain/avr8/avr8-gnu-toolchain/bin/../lib/gcc/avr/5.4.0/avr5\libgcc.a(_umulhisi3.o)
                0x00004052                __umulhisi3
 .text.libgcc.mul
                0x00004070       0x16 c:/program files (x86)/atmel/studio/7.0/toolchain/avr8/avr8-gnu-toolchain/bin/../lib/gcc/avr/5.4.0/avr5\libgcc.a(_muluhisi3.o)
                0x00004070                __muluhisi3
 .text.avr-libc
                0x00004086        0xe c:/program files (x86)/atmel/studio/7.0/toolchain/avr8/avr8-gnu-toolchain/bin/../lib/gcc/avr/5.4.0/../../../../avr/lib/avr5\libc.a(strcpy.o)
                0x00004086                strcpy
 .text.avr-libc
                0x00004094       0x16 c:/program files (x86)/atmel/studio/7.0/toolchain/avr8/avr8-gnu-toolchain/bin/../lib/gcc/avr/5.4.0/../../../../avr/lib/avr5\libc.a(itoa_ncheck.o)
                0x00004094                __itoa_ncheck
 .text.avr-libc
                0x000040aa       0x34 c:/program files (x86)/atmel/studio/7.0/toolchain/avr8/avr8-gnu-toolchain/bin/../lib/gcc/avr/5.4.0/../../../../avr/lib/avr5\libc.a(utoa_ncheck.o)
                0x000040aa                __utoa_ncheck
                0x000040ac                __utoa_common
 .text.avr-libc
                0x000040de       0x20 c:/program files (x86)/atmel/studio/7.0/toolchain/avr8/avr8-gnu-toolchain/bin/../lib/gcc/avr/5.4.0/../../../../avr/lib/avr5\libc.a(strrev.o)
                0x000040de                strrev
                0x000040fe                . = ALIGN (0x2)
 *(.fini9)
 .fini9         0x000040fe        0x0 c:/program files (x86)/atmel/studio/7.0/toolchain/avr8/avr8-gnu-toolchain/bin/../lib/gcc/avr/5.4.0/avr5\libgcc.a(_exit.o)
                0x000040fe                _exit
                0x000040fe                exit
 *(.fini9)
 *(.fini8)
 *(.fini8)
 *(.fini7)
 *(.fini7)
 *(.fini6)
 *(.fini6)
 *(.fini5)
 *(.fini5)
 *(.fini4)
 *(.fini4)
 *(.fini3)
 *(.fini3)
 *(.fini2)
 *(.fini2)
 *(.fini1)
 *(.fini1)
 *(.fini0)
 .fini0         0x000040fe        0x4 c:/program files (x86)/atmel/studio/7.0/toolchain/avr8/avr8-gnu-toolchain/bin/../lib/gcc/avr/5.4.0/avr5\libgcc.a(_exit.o)
 *(.fini0)
                0x00004102                _etext = .

.data           0x00800100      0x2cc load address 0x00004102
                0x00800100                PROVIDE (__data_start, .)
 *(.data)
 *(.data*)
 .data.InterruptThresholdSettings
                0x00800100      0x1b6 D:\Users\erics\Documents\TOF-CAN\firmware\ToF-CAN-Firmware\libs\Adafruit_VL53L0X\libVL530L0X.a(vl53l0x_api.o)
                0x00800100                InterruptThresholdSettings
 .data.DefaultTuningSettings
                0x008002b6       0xf3 D:\Users\erics\Documents\TOF-CAN\firmware\ToF-CAN-Firmware\libs\Adafruit_VL53L0X\libVL530L0X.a(vl53l0x_api.o)
                0x008002b6                DefaultTuningSettings
 .data.refArrayQuadrants
                0x008003a9       0x10 D:\Users\erics\Documents\TOF-CAN\firmware\ToF-CAN-Firmware\libs\Adafruit_VL53L0X\libVL530L0X.a(vl53l0x_api_calibration.o)
                0x008003a9                refArrayQuadrants
 *(.gnu.linkonce.d*)
 *(.rodata)
 *(.rodata*)
 .rodata.str1.1
                0x008003b9       0x13 main.o
 *(.gnu.linkonce.r*)
                0x008003cc                . = ALIGN (0x2)
                0x008003cc                _edata = .
                0x008003cc                PROVIDE (__data_end, .)

.bss            0x008003cc      0x1c6
                0x008003cc                PROVIDE (__bss_start, .)
 *(.bss)
 *(.bss*)
 .bss.count     0x008003cc        0x2 main.o
                0x008003cc                count
 .bss.buffer    0x008003ce       0x10 main.o
                0x008003ce                buffer
 .bss.tof       0x008003de      0x1b4 main.o
                0x008003de                tof
 *(COMMON)
                0x00800592                PROVIDE (__bss_end, .)
                0x00004102                __data_load_start = LOADADDR (.data)
                0x000043ce                __data_load_end = (__data_load_start + SIZEOF (.data))

.noinit         0x00800592        0x0
                [!provide]                PROVIDE (__noinit_start, .)
 *(.noinit*)
                [!provide]                PROVIDE (__noinit_end, .)
                0x00800592                _end = .
                [!provide]                PROVIDE (__heap_start, .)

.eeprom         0x00810000        0x0
 *(.eeprom*)
                0x00810000                __eeprom_end = .

.fuse
 *(.fuse)
 *(.lfuse)
 *(.hfuse)
 *(.efuse)

.lock
 *(.lock*)

.signature
 *(.signature*)

.user_signatures
 *(.user_signatures*)

.stab
 *(.stab)

.stabstr
 *(.stabstr)

.stab.excl
 *(.stab.excl)

.stab.exclstr
 *(.stab.exclstr)

.stab.index
 *(.stab.index)

.stab.indexstr
 *(.stab.indexstr)

.comment        0x00000000       0x30
 *(.comment)
 .comment       0x00000000       0x30 main.o
                                 0x31 (size before relaxing)
 .comment       0x00000030       0x31 D:\Users\erics\Documents\TOF-CAN\firmware\ToF-CAN-Firmware\libs\Adafruit_VL53L0X\libVL530L0X.a(vl53l0x_api.o)
 .comment       0x00000030       0x31 D:\Users\erics\Documents\TOF-CAN\firmware\ToF-CAN-Firmware\libs\Adafruit_VL53L0X\libVL530L0X.a(vl53l0x_api_calibration.o)
 .comment       0x00000030       0x31 D:\Users\erics\Documents\TOF-CAN\firmware\ToF-CAN-Firmware\libs\Adafruit_VL53L0X\libVL530L0X.a(vl53l0x_api_core.o)
 .comment       0x00000030       0x31 D:\Users\erics\Documents\TOF-CAN\firmware\ToF-CAN-Firmware\libs\Adafruit_VL53L0X\libVL530L0X.a(vl53l0x_platform.o)
 .comment       0x00000030       0x31 D:\Users\erics\Documents\TOF-CAN\firmware\ToF-CAN-Firmware\libs\Adafruit_VL53L0X\libVL530L0X.a(vl53l0x_i2c_comms.o)

.note.gnu.avr.deviceinfo
                0x00000000       0x40
 .note.gnu.avr.deviceinfo
                0x00000000       0x40 C:/Program Files (x86)/Atmel/Studio/7.0/Packs/atmel/ATmega_DFP/1.2.150/gcc/dev/atmega328pb/avr5/crtatmega328pb.o

.note.gnu.build-id
 *(.note.gnu.build-id)

.debug
 *(.debug)

.line
 *(.line)

.debug_srcinfo
 *(.debug_srcinfo)

.debug_sfnames
 *(.debug_sfnames)

.debug_aranges
 *(.debug_aranges)

.debug_pubnames
 *(.debug_pubnames)

.debug_info     0x00000000      0x8ea
 *(.debug_info .gnu.linkonce.wi.*)
 .debug_info    0x00000000      0x8ea C:/Program Files (x86)/Atmel/Studio/7.0/Packs/atmel/ATmega_DFP/1.2.150/gcc/dev/atmega328pb/avr5/crtatmega328pb.o

.debug_abbrev   0x00000000      0x86e
 *(.debug_abbrev)
 .debug_abbrev  0x00000000      0x86e C:/Program Files (x86)/Atmel/Studio/7.0/Packs/atmel/ATmega_DFP/1.2.150/gcc/dev/atmega328pb/avr5/crtatmega328pb.o

.debug_line     0x00000000      0x1a5
 *(.debug_line .debug_line.* .debug_line_end)
 .debug_line    0x00000000      0x1a5 C:/Program Files (x86)/Atmel/Studio/7.0/Packs/atmel/ATmega_DFP/1.2.150/gcc/dev/atmega328pb/avr5/crtatmega328pb.o

.debug_frame
 *(.debug_frame)

.debug_str      0x00000000      0x318
 *(.debug_str)
 .debug_str     0x00000000      0x318 C:/Program Files (x86)/Atmel/Studio/7.0/Packs/atmel/ATmega_DFP/1.2.150/gcc/dev/atmega328pb/avr5/crtatmega328pb.o

.debug_loc
 *(.debug_loc)

.debug_macinfo
 *(.debug_macinfo)

.debug_weaknames
 *(.debug_weaknames)

.debug_funcnames
 *(.debug_funcnames)

.debug_typenames
 *(.debug_typenames)

.debug_varnames
 *(.debug_varnames)

.debug_pubtypes
 *(.debug_pubtypes)

.debug_ranges
 *(.debug_ranges)

.debug_macro
 *(.debug_macro)
OUTPUT(ToF-CAN-Firmware.elf elf32-avr)
LOAD linker stubs
